Archive member included to satisfy reference by file (symbol)

C:/ST/STM32CubeIDE_1.19.0/STM32CubeIDE/plugins/com.st.stm32cube.ide.mcu.externaltools.gnu-tools-for-stm32.13.3.rel1.win32_1.0.0.202411081344/tools/bin/../lib/gcc/arm-none-eabi/13.3.1/../../../../arm-none-eabi/lib/thumb/v7e-m+dp/hard\libc_nano.a(libc_a-exit.o)
                              C:/ST/STM32CubeIDE_1.19.0/STM32CubeIDE/plugins/com.st.stm32cube.ide.mcu.externaltools.gnu-tools-for-stm32.13.3.rel1.win32_1.0.0.202411081344/tools/bin/../lib/gcc/arm-none-eabi/13.3.1/../../../../arm-none-eabi/lib/thumb/v7e-m+dp/hard/crt0.o (exit)
C:/ST/STM32CubeIDE_1.19.0/STM32CubeIDE/plugins/com.st.stm32cube.ide.mcu.externaltools.gnu-tools-for-stm32.13.3.rel1.win32_1.0.0.202411081344/tools/bin/../lib/gcc/arm-none-eabi/13.3.1/../../../../arm-none-eabi/lib/thumb/v7e-m+dp/hard\libc_nano.a(libc_a-ctype_.o)
                              ./Core/Src/Micro_Max.o (_ctype_)
C:/ST/STM32CubeIDE_1.19.0/STM32CubeIDE/plugins/com.st.stm32cube.ide.mcu.externaltools.gnu-tools-for-stm32.13.3.rel1.win32_1.0.0.202411081344/tools/bin/../lib/gcc/arm-none-eabi/13.3.1/../../../../arm-none-eabi/lib/thumb/v7e-m+dp/hard\libc_nano.a(libc_a-tolower.o)
                              ./Core/Src/cli.o (tolower)
C:/ST/STM32CubeIDE_1.19.0/STM32CubeIDE/plugins/com.st.stm32cube.ide.mcu.externaltools.gnu-tools-for-stm32.13.3.rel1.win32_1.0.0.202411081344/tools/bin/../lib/gcc/arm-none-eabi/13.3.1/../../../../arm-none-eabi/lib/thumb/v7e-m+dp/hard\libc_nano.a(libc_a-nano-vfprintf_float.o)
                              (_printf_float)
C:/ST/STM32CubeIDE_1.19.0/STM32CubeIDE/plugins/com.st.stm32cube.ide.mcu.externaltools.gnu-tools-for-stm32.13.3.rel1.win32_1.0.0.202411081344/tools/bin/../lib/gcc/arm-none-eabi/13.3.1/../../../../arm-none-eabi/lib/thumb/v7e-m+dp/hard\libc_nano.a(libc_a-nano-vfprintf_i.o)
                              C:/ST/STM32CubeIDE_1.19.0/STM32CubeIDE/plugins/com.st.stm32cube.ide.mcu.externaltools.gnu-tools-for-stm32.13.3.rel1.win32_1.0.0.202411081344/tools/bin/../lib/gcc/arm-none-eabi/13.3.1/../../../../arm-none-eabi/lib/thumb/v7e-m+dp/hard\libc_nano.a(libc_a-nano-vfprintf_float.o) (_printf_common)
C:/ST/STM32CubeIDE_1.19.0/STM32CubeIDE/plugins/com.st.stm32cube.ide.mcu.externaltools.gnu-tools-for-stm32.13.3.rel1.win32_1.0.0.202411081344/tools/bin/../lib/gcc/arm-none-eabi/13.3.1/../../../../arm-none-eabi/lib/thumb/v7e-m+dp/hard\libc_nano.a(libc_a-nano-vfscanf_float.o)
                              (_scanf_float)
C:/ST/STM32CubeIDE_1.19.0/STM32CubeIDE/plugins/com.st.stm32cube.ide.mcu.externaltools.gnu-tools-for-stm32.13.3.rel1.win32_1.0.0.202411081344/tools/bin/../lib/gcc/arm-none-eabi/13.3.1/../../../../arm-none-eabi/lib/thumb/v7e-m+dp/hard\libc_nano.a(libc_a-findfp.o)
                              C:/ST/STM32CubeIDE_1.19.0/STM32CubeIDE/plugins/com.st.stm32cube.ide.mcu.externaltools.gnu-tools-for-stm32.13.3.rel1.win32_1.0.0.202411081344/tools/bin/../lib/gcc/arm-none-eabi/13.3.1/../../../../arm-none-eabi/lib/thumb/v7e-m+dp/hard\libc_nano.a(libc_a-exit.o) (__stdio_exit_handler)
C:/ST/STM32CubeIDE_1.19.0/STM32CubeIDE/plugins/com.st.stm32cube.ide.mcu.externaltools.gnu-tools-for-stm32.13.3.rel1.win32_1.0.0.202411081344/tools/bin/../lib/gcc/arm-none-eabi/13.3.1/../../../../arm-none-eabi/lib/thumb/v7e-m+dp/hard\libc_nano.a(libc_a-fwalk.o)
                              C:/ST/STM32CubeIDE_1.19.0/STM32CubeIDE/plugins/com.st.stm32cube.ide.mcu.externaltools.gnu-tools-for-stm32.13.3.rel1.win32_1.0.0.202411081344/tools/bin/../lib/gcc/arm-none-eabi/13.3.1/../../../../arm-none-eabi/lib/thumb/v7e-m+dp/hard\libc_nano.a(libc_a-findfp.o) (_fwalk_sglue)
C:/ST/STM32CubeIDE_1.19.0/STM32CubeIDE/plugins/com.st.stm32cube.ide.mcu.externaltools.gnu-tools-for-stm32.13.3.rel1.win32_1.0.0.202411081344/tools/bin/../lib/gcc/arm-none-eabi/13.3.1/../../../../arm-none-eabi/lib/thumb/v7e-m+dp/hard\libc_nano.a(libc_a-snprintf.o)
                              ./Core/Src/Micro_Max.o (snprintf)
C:/ST/STM32CubeIDE_1.19.0/STM32CubeIDE/plugins/com.st.stm32cube.ide.mcu.externaltools.gnu-tools-for-stm32.13.3.rel1.win32_1.0.0.202411081344/tools/bin/../lib/gcc/arm-none-eabi/13.3.1/../../../../arm-none-eabi/lib/thumb/v7e-m+dp/hard\libc_nano.a(libc_a-sprintf.o)
                              ./Core/Src/Micro_Max.o (sprintf)
C:/ST/STM32CubeIDE_1.19.0/STM32CubeIDE/plugins/com.st.stm32cube.ide.mcu.externaltools.gnu-tools-for-stm32.13.3.rel1.win32_1.0.0.202411081344/tools/bin/../lib/gcc/arm-none-eabi/13.3.1/../../../../arm-none-eabi/lib/thumb/v7e-m+dp/hard\libc_nano.a(libc_a-sscanf.o)
                              ./Core/Src/cli.o (sscanf)
C:/ST/STM32CubeIDE_1.19.0/STM32CubeIDE/plugins/com.st.stm32cube.ide.mcu.externaltools.gnu-tools-for-stm32.13.3.rel1.win32_1.0.0.202411081344/tools/bin/../lib/gcc/arm-none-eabi/13.3.1/../../../../arm-none-eabi/lib/thumb/v7e-m+dp/hard\libc_nano.a(libc_a-stdio.o)
[...]
Memory Configuration

Name             Origin             Length             Attributes
RAM              0x20000000         0x00080000         xrw
FLASH            0x08000000         0x00200000         xr
*default*        0x00000000         0xffffffff

Linker script and memory map

LOAD C:/ST/STM32CubeIDE_1.19.0/STM32CubeIDE/plugins/com.st.stm32cube.ide.mcu.externaltools.gnu-tools-for-stm32.13.3.rel1.win32_1.0.0.202411081344/tools/bin/../lib/gcc/arm-none-eabi/13.3.1/thumb/v7e-m+dp/hard/crti.o
LOAD C:/ST/STM32CubeIDE_1.19.0/STM32CubeIDE/plugins/com.st.stm32cube.ide.mcu.externaltools.gnu-tools-for-stm32.13.3.rel1.win32_1.0.0.202411081344/tools/bin/../lib/gcc/arm-none-eabi/13.3.1/thumb/v7e-m+dp/hard/crtbegin.o
LOAD C:/ST/STM32CubeIDE_1.19.0/STM32CubeIDE/plugins/com.st.stm32cube.ide.mcu.externaltools.gnu-tools-for-stm32.13.3.rel1.win32_1.0.0.202411081344/tools/bin/../lib/gcc/arm-none-eabi/13.3.1/../../../../arm-none-eabi/lib/thumb/v7e-m+dp/hard/crt0.o
LOAD ./Core/Src/Micro_Max.o
LOAD ./Core/Src/adc.o
LOAD ./Core/Src/cli.o
LOAD ./Core/Src/gpio.o
LOAD ./Core/Src/homing.o
LOAD ./Core/Src/main.o
LOAD ./Core/Src/motion.o
LOAD ./Core/Src/rng.o
LOAD ./Core/Src/spi.o
LOAD ./Core/Src/stepper.o
LOAD ./Core/Src/stm32f7xx_hal_msp.o
LOAD ./Core/Src/stm32f7xx_it.o
LOAD ./Core/Src/syscalls.o
LOAD ./Core/Src/sysmem.o
LOAD ./Core/Src/system_stm32f7xx.o
LOAD ./Core/Src/tim.o
LOAD ./Core/Src/usart.o
LOAD ./Core/Src/usb_otg.o
LOAD ./Core/Startup/startup_stm32f767zitx.o
LOAD ./Drivers/ILI9341/ILI9341_GFX.o
LOAD ./Drivers/ILI9341/ILI9341_STM32_Driver.o
LOAD ./Drivers/ILI9341/ILI9341_Touchscreen.o
LOAD ./Drivers/STM32F7xx_HAL_Driver/Src/stm32f7xx_hal.o
LOAD ./Drivers/STM32F7xx_HAL_Driver/Src/stm32f7xx_hal_adc.o
LOAD ./Drivers/STM32F7xx_HAL_Driver/Src/stm32f7xx_hal_adc_ex.o
LOAD ./Drivers/STM32F7xx_HAL_Driver/Src/stm32f7xx_hal_cortex.o
LOAD ./Drivers/STM32F7xx_HAL_Driver/Src/stm32f7xx_hal_dma.o
LOAD ./Drivers/STM32F7xx_HAL_Driver/Src/stm32f7xx_hal_dma_ex.o
LOAD ./Drivers/STM32F7xx_HAL_Driver/Src/stm32f7xx_hal_exti.o
LOAD ./Drivers/STM32F7xx_HAL_Driver/Src/stm32f7xx_hal_flash.o
LOAD ./Drivers/STM32F7xx_HAL_Driver/Src/stm32f7xx_hal_flash_ex.o
LOAD ./Drivers/STM32F7xx_HAL_Driver/Src/stm32f7xx_hal_gpio.o
LOAD ./Drivers/STM32F7xx_HAL_Driver/Src/stm32f7xx_hal_i2c.o
LOAD ./Drivers/STM32F7xx_HAL_Driver/Src/stm32f7xx_hal_i2c_ex.o
LOAD ./Drivers/STM32F7xx_HAL_Driver/Src/stm32f7xx_hal_pcd.o
LOAD ./Drivers/STM32F7xx_HAL_Driver/Src/stm32f7xx_hal_pcd_ex.o
LOAD ./Drivers/STM32F7xx_HAL_Driver/Src/stm32f7xx_hal_pwr.o
LOAD ./Drivers/STM32F7xx_HAL_Driver/Src/stm32f7xx_hal_pwr_ex.o
LOAD ./Drivers/STM32F7xx_HAL_Driver/Src/stm32f7xx_hal_rcc.o
LOAD ./Drivers/STM32F7xx_HAL_Driver/Src/stm32f7xx_hal_rcc_ex.o
LOAD ./Drivers/STM32F7xx_HAL_Driver/Src/stm32f7xx_hal_rng.o
LOAD ./Drivers/STM32F7xx_HAL_Driver/Src/stm32f7xx_hal_spi.o
LOAD ./Drivers/STM32F7xx_HAL_Driver/Src/stm32f7xx_hal_spi_ex.o
LOAD ./Drivers/STM32F7xx_HAL_Driver/Src/stm32f7xx_hal_tim.o
LOAD ./Drivers/STM32F7xx_HAL_Driver/Src/stm32f7xx_hal_tim_ex.o
LOAD ./Drivers/STM32F7xx_HAL_Driver/Src/stm32f7xx_hal_uart.o
LOAD ./Drivers/STM32F7xx_HAL_Driver/Src/stm32f7xx_hal_uart_ex.o
LOAD ./Drivers/STM32F7xx_HAL_Driver/Src/stm32f7xx_ll_usb.o
START GROUP
LOAD C:/ST/STM32CubeIDE_1.19.0/STM32CubeIDE/plugins/com.st.stm32cube.ide.mcu.externaltools.gnu-tools-for-stm32.13.3.rel1.win32_1.0.0.202411081344/tools/bin/../lib/gcc/arm-none-eabi/13.3.1/../../../../arm-none-eabi/lib/thumb/v7e-m+dp/hard\libc_nano.a
LOAD C:/ST/STM32CubeIDE_1.19.0/STM32CubeIDE/plugins/com.st.stm32cube.ide.mcu.externaltools.gnu-tools-for-stm32.13.3.rel1.win32_1.0.0.202411081344/tools/bin/../lib/gcc/arm-none-eabi/13.3.1/../../../../arm-none-eabi/lib/thumb/v7e-m+dp/hard\libm.a
END GROUP
START GROUP
LOAD C:/ST/STM32CubeIDE_1.19.0/STM32CubeIDE/plugins/com.st.stm32cube.ide.mcu.externaltools.gnu-tools-for-stm32.13.3.rel1.win32_1.0.0.202411081344/tools/bin/../lib/gcc/arm-none-eabi/13.3.1/thumb/v7e-m+dp/hard\libgcc.a
LOAD C:/ST/STM32CubeIDE_1.19.0/STM32CubeIDE/plugins/com.st.stm32cube.ide.mcu.externaltools.gnu-tools-for-stm32.13.3.rel1.win32_1.0.0.202411081344/tools/bin/../lib/gcc/arm-none-eabi/13.3.1/../../../../arm-none-eabi/lib/thumb/v7e-m+dp/hard\libc_nano.a
END GROUP
START GROUP
LOAD C:/ST/STM32CubeIDE_1.19.0/STM32CubeIDE/plugins/com.st.stm32cube.ide.mcu.externaltools.gnu-tools-for-stm32.13.3.rel1.win32_1.0.0.202411081344/tools/bin/../lib/gcc/arm-none-eabi/13.3.1/thumb/v7e-m+dp/hard\libgcc.a
LOAD C:/ST/STM32CubeIDE_1.19.0/STM32CubeIDE/plugins/com.st.stm32cube.ide.mcu.externaltools.gnu-tools-for-stm32.13.3.rel1.win32_1.0.0.202411081344/tools/bin/../lib/gcc/arm-none-eabi/13.3.1/../../../../arm-none-eabi/lib/thumb/v7e-m+dp/hard\libc_nano.a
LOAD C:/ST/STM32CubeIDE_1.19.0/STM32CubeIDE/plugins/com.st.stm32cube.ide.mcu.externaltools.gnu-tools-for-stm32.13.3.rel1.win32_1.0.0.202411081344/tools/bin/../lib/gcc/arm-none-eabi/13.3.1/../../../../arm-none-eabi/lib/thumb/v7e-m+dp/hard\libnosys.a
END GROUP
START GROUP
LOAD C:/ST/STM32CubeIDE_1.19.0/STM32CubeIDE/plugins/com.st.stm32cube.ide.mcu.externaltools.gnu-tools-for-stm32.13.3.rel1.win32_1.0.0.202411081344/tools/bin/../lib/gcc/arm-none-eabi/13.3.1/thumb/v7e-m+dp/hard\libgcc.a
LOAD C:/ST/STM32CubeIDE_1.19.0/STM32CubeIDE/plugins/com.st.stm32cube.ide.mcu.externaltools.gnu-tools-for-stm32.13.3.rel1.win32_1.0.0.202411081344/tools/bin/../lib/gcc/arm-none-eabi/13.3.1/../../../../arm-none-eabi/lib/thumb/v7e-m+dp/hard\libc_nano.a
LOAD C:/ST/STM32CubeIDE_1.19.0/STM32CubeIDE/plugins/com.st.stm32cube.ide.mcu.externaltools.gnu-tools-for-stm32.13.3.rel1.win32_1.0.0.202411081344/tools/bin/../lib/gcc/arm-none-eabi/13.3.1/../../../../arm-none-eabi/lib/thumb/v7e-m+dp/hard\libnosys.a
END GROUP
LOAD C:/ST/STM32CubeIDE_1.19.0/STM32CubeIDE/plugins/com.st.stm32cube.ide.mcu.externaltools.gnu-tools-for-stm32.13.3.rel1.win32_1.0.0.202411081344/tools/bin/../lib/gcc/arm-none-eabi/13.3.1/thumb/v7e-m+dp/hard/crtend.o
LOAD C:/ST/STM32CubeIDE_1.19.0/STM32CubeIDE/plugins/com.st.stm32cube.ide.mcu.externaltools.gnu-tools-for-stm32.13.3.rel1.win32_1.0.0.202411081344/tools/bin/../lib/gcc/arm-none-eabi/13.3.1/thumb/v7e-m+dp/hard/crtn.o
                0x20080000                        _estack = (ORIGIN (RAM) + LENGTH (RAM))
                0x00000200                        _Min_Heap_Size = 0x200
                0x00000400                        _Min_Stack_Size = 0x400

.isr_vector     0x08000000      0x1f8
                0x08000000                        . = ALIGN (0x4)
 *(.isr_vector)
 .isr_vector    0x08000000      0x1f8 ./Core/Startup/startup_stm32f767zitx.o
                0x08000000                g_pfnVectors
                0x080001f8                        . = ALIGN (0x4)

.text           0x08000200    0x11e24
                0x08000200                        . = ALIGN (0x4)
 *(.text)
 .text          0x08000200       0x40 C:/ST/STM32CubeIDE_1.19.0/STM32CubeIDE/plugins/com.st.stm32cube.ide.mcu.externaltools.gnu-tools-for-stm32.13.3.rel1.win32_1.0.0.202411081344/tools/bin/../lib/gcc/arm-none-eabi/13.3.1/thumb/v7e-m+dp/hard/crtbegin.o
 .text          0x08000240       0x14 C:/ST/STM32CubeIDE_1.19.0/STM32CubeIDE/plugins/com.st.stm32cube.ide.mcu.externaltools.gnu-tools-for-stm32.13.3.rel1.win32_1.0.0.202411081344/tools/bin/../lib/gcc/arm-none-eabi/13.3.1/../../../../arm-none-eabi/lib/thumb/v7e-m+dp/hard\libc_nano.a(libc_a-strcmp.o)
                0x08000240                strcmp
 *fill*         0x08000254        0xc 
 .text          0x08000260       0xa0 C:/ST/STM32CubeIDE_1.19.0/STM32CubeIDE/plugins/com.st.stm32cube.ide.mcu.externaltools.gnu-tools-for-stm32.13.3.rel1.win32_1.0.0.202411081344/tools/bin/../lib/gcc/arm-none-eabi/13.3.1/../../../../arm-none-eabi/lib/thumb/v7e-m+dp/hard\libc_nano.a(libc_a-memchr.o)
                0x08000260                memchr
 .text          0x08000300       0x10 C:/ST/STM32CubeIDE_1.19.0/STM32CubeIDE/plugins/com.st.stm32cube.ide.mcu.externaltools.gnu-tools-for-stm32.13.3.rel1.win32_1.0.0.202411081344/tools/bin/../lib/gcc/arm-none-eabi/13.3.1/../../../../arm-none-eabi/lib/thumb/v7e-m+dp/hard\libc_nano.a(libc_a-strlen.o)
                0x08000300                strlen
 .text          0x08000310      0x378 C:/ST/STM32CubeIDE_1.19.0/STM32CubeIDE/plugins/com.st.stm32cube.ide.mcu.externaltools.gnu-tools-for-stm32.13.3.rel1.win32_1.0.0.202411081344/tools/bin/../lib/gcc/arm-none-eabi/13.3.1/thumb/v7e-m+dp/hard\libgcc.a(_arm_addsubdf3.o)
                0x08000310                __aeabi_drsub
                0x08000318                __aeabi_dsub
                0x08000318                __subdf3
                0x0800031c                __aeabi_dadd
                0x0800031c                __adddf3
                0x08000594                __floatunsidf
                0x08000594                __aeabi_ui2d
                0x080005b4                __floatsidf
                0x080005b4                __aeabi_i2d
                0x080005d8                __aeabi_f2d
                0x080005d8                __extendsfdf2
                0x0800061c                __floatundidf
                0x0800061c                __aeabi_ul2d
                0x0800062c                __floatdidf
                0x0800062c                __aeabi_l2d
 .text          0x08000688       0x30 C:/ST/STM32CubeIDE_1.19.0/STM32CubeIDE/plugins/com.st.stm32cube.ide.mcu.externaltools.gnu-tools-for-stm32.13.3.rel1.win32_1.0.0.202411081344/tools/bin/../lib/gcc/arm-none-eabi/13.3.1/thumb/v7e-m+dp/hard\libgcc.a(_aeabi_uldivmod.o)
                0x08000688                __aeabi_uldivmod
 .text          0x080006b8       0x30 C:/ST/STM32CubeIDE_1.19.0/STM32CubeIDE/plugins/com.st.stm32cube.ide.mcu.externaltools.gnu-tools-for-stm32.13.3.rel1.win32_1.0.0.202411081344/tools/bin/../lib/gcc/arm-none-eabi/13.3.1/thumb/v7e-m+dp/hard\libgcc.a(_fixdfdi.o)
                0x080006b8                __fixdfdi
                0x080006b8                __aeabi_d2lz
 .text          0x080006e8       0x40 C:/ST/STM32CubeIDE_1.19.0/STM32CubeIDE/plugins/com.st.stm32cube.ide.mcu.externaltools.gnu-tools-for-stm32.13.3.rel1.win32_1.0.0.202411081344/tools/bin/../lib/gcc/arm-none-eabi/13.3.1/thumb/v7e-m+dp/hard\libgcc.a(_fixunsdfdi.o)
                0x080006e8                __fixunsdfdi
                0x080006e8                __aeabi_d2ulz
 .text          0x08000728      0x2f8 C:/ST/STM32CubeIDE_1.19.0/STM32CubeIDE/plugins/com.st.stm32cube.ide.mcu.externaltools.gnu-tools-for-stm32.13.3.rel1.win32_1.0.0.202411081344/tools/bin/../lib/gcc/arm-none-eabi/13.3.1/thumb/v7e-m+dp/hard\libgcc.a(_udivmoddi4.o)
                0x08000728                __udivmoddi4
 .text          0x08000a20        0x4 C:/ST/STM32CubeIDE_1.19.0/STM32CubeIDE/plugins/com.st.stm32cube.ide.mcu.externaltools.gnu-tools-for-stm32.13.3.rel1.win32_1.0.0.202411081344/tools/bin/../lib/gcc/arm-none-eabi/13.3.1/thumb/v7e-m+dp/hard\libgcc.a(_dvmd_tls.o)
                0x08000a20                __aeabi_idiv0
                0x08000a20                __aeabi_ldiv0
 *(.text*)
 .text.uartPrint_raw
                0x08000a24       0x54 ./Core/Src/Micro_Max.o
                0x08000a24                uartPrint_raw
 .text.uartPrintf
                0x08000a78       0x40 ./Core/Src/Micro_Max.o
                0x08000a78                uartPrintf
 .text.myrand   0x08000ab8       0x48 ./Core/Src/Micro_Max.o
                0x08000ab8                myrand
 .text.D        0x08000b00      0x9e4 ./Core/Src/Micro_Max.o
                0x08000b00                D
 .text.bkp      0x080014e4       0x44 ./Core/Src/Micro_Max.o
                0x080014e4                bkp
 .text.board_to_matrix_chars
                0x08001528       0x8a ./Core/Src/Micro_Max.o
                0x08001528                board_to_matrix_chars
 *fill*         0x080015b2        0x2 
 .text.printBoardCharsAsCArray
                0x080015b4      0x264 ./Core/Src/Micro_Max.o
                0x080015b4                printBoardCharsAsCArray
 .text.in_bounds
                0x08001818       0x34 ./Core/Src/Micro_Max.o
 .text.clear_path
                0x0800184c       0xb6 ./Core/Src/Micro_Max.o
 *fill*         0x08001902        0x2 
 .text.attacking
                0x08001904      0x24c ./Core/Src/Micro_Max.o
                0x08001904                attacking
 .text.isKingCheck
                0x08001b50       0xdc ./Core/Src/Micro_Max.o
                0x08001b50                isKingCheck
 .text.isTaken  0x08001c2c      0x130 ./Core/Src/Micro_Max.o
                0x08001c2c                isTaken
 .text.isTakenFromMov
                0x08001d5c       0x4e ./Core/Src/Micro_Max.o
                0x08001d5c                isTakenFromMov
 .text.isCastleMoveType
                0x08001daa       0x8c ./Core/Src/Micro_Max.o
                0x08001daa                isCastleMoveType
 .text.is_white_piece
                0x08001e36       0x28 ./Core/Src/Micro_Max.o
 .text.is_black_piece
                0x08001e5e       0x28 ./Core/Src/Micro_Max.o
 .text.find_king
                0x08001e86       0x72 ./Core/Src/Micro_Max.o
 .text.is_in_check_side
                0x08001ef8       0xfe ./Core/Src/Micro_Max.o
 .text.try_move_and_safe
                0x08001ff6      0x11e ./Core/Src/Micro_Max.o
 .text.piece_has_legal_move
                0x08002114      0x71c ./Core/Src/Micro_Max.o
 .text.canWhiteMove
                0x08002830       0x80 ./Core/Src/Micro_Max.o
                0x08002830                canWhiteMove
 .text.canBlackMove
                0x080028b0       0x80 ./Core/Src/Micro_Max.o
                0x080028b0                canBlackMove
 .text.AI_HvsC  0x08002930      0x574 ./Core/Src/Micro_Max.o
                0x08002930                AI_HvsC
 .text.AI_HvsH  0x08002ea4      0x4b0 ./Core/Src/Micro_Max.o
                0x08002ea4                AI_HvsH
 .text.MX_ADC1_Init
                0x08003354       0xa4 ./Core/Src/adc.o
                0x08003354                MX_ADC1_Init
 .text.HAL_ADC_MspInit
                0x080033f8       0x80 ./Core/Src/adc.o
                0x080033f8                HAL_ADC_MspInit
 .text.io_puts  0x08003478       0x28 ./Core/Src/cli.o
                0x08003478                io_puts
 .text.MX_GPIO_Init
                0x080034a0      0x378 ./Core/Src/gpio.o
                0x080034a0                MX_GPIO_Init
 .text.homing_on_exti
                0x08003818       0x8c ./Core/Src/homing.o
                0x08003818                homing_on_exti
 .text.homing_clear_pending
                0x080038a4       0x20 ./Core/Src/homing.o
 .text.homing_arm_exti
                0x080038c4       0x2c ./Core/Src/homing.o
                0x080038c4                homing_arm_exti
 .text.homing_disarm_exti
                0x080038f0       0x2c ./Core/Src/homing.o
                0x080038f0                homing_disarm_exti
 .text.home_reset_sequence
                0x0800391c       0xe8 ./Core/Src/homing.o
                0x0800391c                home_reset_sequence
 .text.__NVIC_SystemReset
                0x08003a04       0x2c ./Core/Src/main.o
 .text.uart_puts
                0x08003a30       0x2c ./Core/Src/main.o
 .text.uart_getline
                0x08003a5c       0xac ./Core/Src/main.o
 .text.is_valid_mov4
                0x08003b08       0x6e ./Core/Src/main.o
 .text.char_to_int
                0x08003b76       0x96 ./Core/Src/main.o
 .text.set_mux_channel
                0x08003c0c       0x78 ./Core/Src/main.o
 .text.enable_mux
                0x08003c84       0x5c ./Core/Src/main.o
 .text.print_board
                0x08003ce0      0x1c8 ./Core/Src/main.o
                0x08003ce0                print_board
 .text.read_adc
                0x08003ea8       0x3c ./Core/Src/main.o
                0x08003ea8                read_adc
 .text.scan_board
                0x08003ee4      0x140 ./Core/Src/main.o
                0x08003ee4                scan_board
 .text.detect_capture
                0x08004024      0x1f8 ./Core/Src/main.o
                0x08004024                detect_capture
 .text.detect_move
                0x0800421c      0x1d4 ./Core/Src/main.o
                0x0800421c                detect_move
 .text.restore_prev_board
                0x080043f0       0xe8 ./Core/Src/main.o
                0x080043f0                restore_prev_board
 .text.update_board_from_reply
                0x080044d8      0x10c ./Core/Src/main.o
                0x080044d8                update_board_from_reply
 .text.startup_scan
                0x080045e4      0x19c ./Core/Src/main.o
                0x080045e4                startup_scan
 .text.game_over_screen
                0x08004780       0xc4 ./Core/Src/main.o
                0x08004780                game_over_screen
 .text.update_display
                0x08004844      0x10c ./Core/Src/main.o
                0x08004844                update_display
 .text.ready    0x08004950       0xc8 ./Core/Src/main.o
                0x08004950                ready
 .text.select_initial_string
                0x08004a18      0x1f4 ./Core/Src/main.o
                0x08004a18                select_initial_string
 .text.process_move
                0x08004c0c      0x398 ./Core/Src/main.o
                0x08004c0c                process_move
 .text.main     0x08004fa4      0x6f0 ./Core/Src/main.o
                0x08004fa4                main
 .text.SystemClock_Config
                0x08005694       0xe0 ./Core/Src/main.o
                0x08005694                SystemClock_Config
 .text.Error_Handler
                0x08005774        0xc ./Core/Src/main.o
                0x08005774                Error_Handler
 .text.uabs32   0x08005780       0x1c ./Core/Src/motion.o
 .text.magnet_on
                0x0800579c       0x1c ./Core/Src/motion.o
 .text.magnet_off
                0x080057b8       0x1c ./Core/Src/motion.o
 .text.move_rel_steps
                0x080057d4       0x24 ./Core/Src/motion.o
 .text.corexy_move_delta_steps
                0x080057f8       0xdc ./Core/Src/motion.o
                0x080057f8                corexy_move_delta_steps
 .text.diag_single_locked
                0x080058d4      0x108 ./Core/Src/motion.o
 .text.corexy_knight_to_cell
                0x080059dc      0x1ac ./Core/Src/motion.o
                0x080059dc                corexy_knight_to_cell
 .text.corexy_move_to_cell
                0x08005b88      0x230 ./Core/Src/motion.o
                0x08005b88                corexy_move_to_cell
 .text.motion_castle_left
                0x08005db8      0x124 ./Core/Src/motion.o
                0x08005db8                motion_castle_left
 .text.motion_castle_right
                0x08005edc      0x128 ./Core/Src/motion.o
                0x08005edc                motion_castle_right
 .text.motion_capture_to_row8
                0x08006004      0x130 ./Core/Src/motion.o
                0x08006004                motion_capture_to_row8
 .text.corexy_move_delta_steps_no_dis
                0x08006134       0xec ./Core/Src/motion.o
                0x08006134                corexy_move_delta_steps_no_dis
 .text.MX_RNG_Init
                0x08006220       0x28 ./Core/Src/rng.o
                0x08006220                MX_RNG_Init
 .text.HAL_RNG_MspInit
                0x08006248       0x68 ./Core/Src/rng.o
                0x08006248                HAL_RNG_MspInit
 .text.MX_SPI5_Init
                0x080062b0       0x7c ./Core/Src/spi.o
                0x080062b0                MX_SPI5_Init
 .text.HAL_SPI_MspInit
                0x0800632c       0x88 ./Core/Src/spi.o
                0x0800632c                HAL_SPI_MspInit
 .text._tim3_ch1_set_af
                0x080063b4       0x40 ./Core/Src/stepper.o
 .text._tim3_ch1_set_gpio_output
                0x080063f4       0x3c ./Core/Src/stepper.o
 .text._tim4_ch1_set_af
                0x08006430       0x40 ./Core/Src/stepper.o
 .text._tim4_ch1_set_gpio_output
                0x08006470       0x3c ./Core/Src/stepper.o
 .text.Stepper1_Enable
                0x080064ac       0x2c ./Core/Src/stepper.o
                0x080064ac                Stepper1_Enable
 .text.Stepper2_Enable
                0x080064d8       0x2c ./Core/Src/stepper.o
                0x080064d8                Stepper2_Enable
 .text._set_dir1
                0x08006504       0x3c ./Core/Src/stepper.o
 .text._set_dir2
                0x08006540       0x3c ./Core/Src/stepper.o
 .text._setup_freq
                0x0800657c       0xb8 ./Core/Src/stepper.o
 .text.Stepper1_Start
                0x08006634       0x70 ./Core/Src/stepper.o
                0x08006634                Stepper1_Start
 .text.Stepper2_Start
                0x080066a4       0x70 ./Core/Src/stepper.o
                0x080066a4                Stepper2_Start
 .text.Stepper1_Start_no_dis
                0x08006714       0x6c ./Core/Src/stepper.o
                0x08006714                Stepper1_Start_no_dis
 .text.Stepper2_Start_no_dis
                0x08006780       0x6c ./Core/Src/stepper.o
                0x08006780                Stepper2_Start_no_dis
 .text.Stepper1_HardStop
                0x080067ec       0x2c ./Core/Src/stepper.o
                0x080067ec                Stepper1_HardStop
 .text.Stepper2_HardStop
                0x08006818       0x2c ./Core/Src/stepper.o
                0x08006818                Stepper2_HardStop
 .text.Stepper_StopAll
                0x08006844       0x10 ./Core/Src/stepper.o
                0x08006844                Stepper_StopAll
 .text.Stepper1_ResumePWM
                0x08006854       0x2c ./Core/Src/stepper.o
                0x08006854                Stepper1_ResumePWM
 .text.Stepper2_ResumePWM
                0x08006880       0x2c ./Core/Src/stepper.o
                0x08006880                Stepper2_ResumePWM
 .text._ramp_down
                0x080068ac       0xf2 ./Core/Src/stepper.o
 *fill*         0x0800699e        0x2 
 .text.Stepper1_SoftHold
                0x080069a0       0x40 ./Core/Src/stepper.o
                0x080069a0                Stepper1_SoftHold
 .text.Stepper2_SoftHold
                0x080069e0       0x40 ./Core/Src/stepper.o
                0x080069e0                Stepper2_SoftHold
 .text.Stepper_SoftHoldBoth
                0x08006a20       0x1c ./Core/Src/stepper.o
                0x08006a20                Stepper_SoftHoldBoth
 .text.HAL_MspInit
                0x08006a3c       0x48 ./Core/Src/stm32f7xx_hal_msp.o
                0x08006a3c                HAL_MspInit
 .text.NMI_Handler
                0x08006a84        0x8 ./Core/Src/stm32f7xx_it.o
                0x08006a84                NMI_Handler
 .text.HardFault_Handler
                0x08006a8c        0x8 ./Core/Src/stm32f7xx_it.o
                0x08006a8c                HardFault_Handler
 .text.MemManage_Handler
                0x08006a94        0x8 ./Core/Src/stm32f7xx_it.o
                0x08006a94                MemManage_Handler
 .text.BusFault_Handler
                0x08006a9c        0x8 ./Core/Src/stm32f7xx_it.o
                0x08006a9c                BusFault_Handler
 .text.UsageFault_Handler
                0x08006aa4        0x8 ./Core/Src/stm32f7xx_it.o
                0x08006aa4                UsageFault_Handler
 .text.SVC_Handler
                0x08006aac        0xe ./Core/Src/stm32f7xx_it.o
                0x08006aac                SVC_Handler
 .text.DebugMon_Handler
                0x08006aba        0xe ./Core/Src/stm32f7xx_it.o
                0x08006aba                DebugMon_Handler
 .text.PendSV_Handler
                0x08006ac8        0xe ./Core/Src/stm32f7xx_it.o
                0x08006ac8                PendSV_Handler
 .text.SysTick_Handler
                0x08006ad6        0xc ./Core/Src/stm32f7xx_it.o
                0x08006ad6                SysTick_Handler
 .text.EXTI9_5_IRQHandler
                0x08006ae2        0xe ./Core/Src/stm32f7xx_it.o
                0x08006ae2                EXTI9_5_IRQHandler
 .text.TIM1_UP_TIM10_IRQHandler
                0x08006af0       0x4c ./Core/Src/stm32f7xx_it.o
                0x08006af0                TIM1_UP_TIM10_IRQHandler
 .text.TIM3_IRQHandler
                0x08006b3c       0x14 ./Core/Src/stm32f7xx_it.o
                0x08006b3c                TIM3_IRQHandler
 .text.TIM4_IRQHandler
                0x08006b50       0x14 ./Core/Src/stm32f7xx_it.o
                0x08006b50                TIM4_IRQHandler
 .text.EXTI15_10_IRQHandler
                0x08006b64       0x18 ./Core/Src/stm32f7xx_it.o
                0x08006b64                EXTI15_10_IRQHandler
 .text.HAL_TIM_PWM_PulseFinishedCallback
                0x08006b7c       0xbc ./Core/Src/stm32f7xx_it.o
                0x08006b7c                HAL_TIM_PWM_PulseFinishedCallback
 .text.HAL_GPIO_EXTI_Callback
                0x08006c38       0x1a ./Core/Src/stm32f7xx_it.o
                0x08006c38                HAL_GPIO_EXTI_Callback
 .text._getpid  0x08006c52       0x10 ./Core/Src/syscalls.o
                0x08006c52                _getpid
 .text._kill    0x08006c62       0x20 ./Core/Src/syscalls.o
                0x08006c62                _kill
 .text._exit    0x08006c82       0x16 ./Core/Src/syscalls.o
                0x08006c82                _exit
 .text._read    0x08006c98       0x3a ./Core/Src/syscalls.o
                0x08006c98                _read
 .text._write   0x08006cd2       0x38 ./Core/Src/syscalls.o
                0x08006cd2                _write
 .text._close   0x08006d0a       0x18 ./Core/Src/syscalls.o
                0x08006d0a                _close
 .text._fstat   0x08006d22       0x20 ./Core/Src/syscalls.o
                0x08006d22                _fstat
 .text._isatty  0x08006d42       0x16 ./Core/Src/syscalls.o
                0x08006d42                _isatty
 .text._lseek   0x08006d58       0x1a ./Core/Src/syscalls.o
                0x08006d58                _lseek
 *fill*         0x08006d72        0x2 
 .text._sbrk    0x08006d74       0x6c ./Core/Src/sysmem.o
                0x08006d74                _sbrk
 .text.SystemInit
                0x08006de0       0x24 ./Core/Src/system_stm32f7xx.o
                0x08006de0                SystemInit
 .text.MX_TIM1_Init
                0x08006e04       0xa8 ./Core/Src/tim.o
                0x08006e04                MX_TIM1_Init
 .text.MX_TIM3_Init
                0x08006eac       0xf0 ./Core/Src/tim.o
                0x08006eac                MX_TIM3_Init
 .text.MX_TIM4_Init
                0x08006f9c       0xf0 ./Core/Src/tim.o
                0x08006f9c                MX_TIM4_Init
 .text.HAL_TIM_Base_MspInit
                0x0800708c       0xbc ./Core/Src/tim.o
                0x0800708c                HAL_TIM_Base_MspInit
 .text.HAL_TIM_MspPostInit
                0x08007148       0xb8 ./Core/Src/tim.o
                0x08007148                HAL_TIM_MspPostInit
 .text.MX_USART2_UART_Init
                0x08007200       0x60 ./Core/Src/usart.o
                0x08007200                MX_USART2_UART_Init
 .text.MX_USART3_UART_Init
                0x08007260       0x60 ./Core/Src/usart.o
                0x08007260                MX_USART3_UART_Init
 .text.HAL_UART_MspInit
                0x080072c0      0x144 ./Core/Src/usart.o
                0x080072c0                HAL_UART_MspInit
 .text.MX_USB_OTG_FS_PCD_Init
                0x08007404       0x5c ./Core/Src/usb_otg.o
                0x08007404                MX_USB_OTG_FS_PCD_Init
 .text.HAL_PCD_MspInit
                0x08007460       0xf4 ./Core/Src/usb_otg.o
                0x08007460                HAL_PCD_MspInit
 .text.Reset_Handler
                0x08007554       0x50 ./Core/Startup/startup_stm32f767zitx.o
                0x08007554                Reset_Handler
 .text.Default_Handler
                0x080075a4        0x2 ./Core/Startup/startup_stm32f767zitx.o
                0x080075a4                RTC_Alarm_IRQHandler
                0x080075a4                EXTI2_IRQHandler
                0x080075a4                TIM8_CC_IRQHandler
                0x080075a4                UART8_IRQHandler
                0x080075a4                SPI4_IRQHandler
                0x080075a4                TIM1_CC_IRQHandler
                0x080075a4                DMA2_Stream5_IRQHandler
                0x080075a4                JPEG_IRQHandler
                0x080075a4                DMA1_Stream5_IRQHandler
                0x080075a4                CAN3_RX1_IRQHandler
                0x080075a4                PVD_IRQHandler
                0x080075a4                TAMP_STAMP_IRQHandler
                0x080075a4                CAN2_RX1_IRQHandler
                0x080075a4                EXTI3_IRQHandler
                0x080075a4                TIM8_TRG_COM_TIM14_IRQHandler
                0x080075a4                DFSDM1_FLT1_IRQHandler
                0x080075a4                TIM8_UP_TIM13_IRQHandler
                0x080075a4                I2C3_ER_IRQHandler
                0x080075a4                DFSDM1_FLT2_IRQHandler
                0x080075a4                EXTI0_IRQHandler
                0x080075a4                I2C2_EV_IRQHandler
                0x080075a4                DMA1_Stream2_IRQHandler
                0x080075a4                CAN1_RX0_IRQHandler
                0x080075a4                FPU_IRQHandler
                0x080075a4                OTG_HS_WKUP_IRQHandler
                0x080075a4                CAN3_SCE_IRQHandler
                0x080075a4                LTDC_ER_IRQHandler
                0x080075a4                CAN2_SCE_IRQHandler
                0x080075a4                DMA2_Stream2_IRQHandler
                0x080075a4                SPI1_IRQHandler
                0x080075a4                TIM6_DAC_IRQHandler
                0x080075a4                TIM1_BRK_TIM9_IRQHandler
                0x080075a4                DCMI_IRQHandler
                0x080075a4                CAN2_RX0_IRQHandler
                0x080075a4                DMA2_Stream3_IRQHandler
                0x080075a4                SAI2_IRQHandler
                0x080075a4                DFSDM1_FLT3_IRQHandler
                0x080075a4                USART6_IRQHandler
                0x080075a4                CAN3_RX0_IRQHandler
                0x080075a4                USART3_IRQHandler
                0x080075a4                CAN1_RX1_IRQHandler
                0x080075a4                UART5_IRQHandler
                0x080075a4                DMA2_Stream0_IRQHandler
                0x080075a4                QUADSPI_IRQHandler
                0x080075a4                I2C1_EV_IRQHandler
                0x080075a4                DMA1_Stream6_IRQHandler
                0x080075a4                DMA1_Stream1_IRQHandler
                0x080075a4                UART4_IRQHandler
                0x080075a4                RCC_IRQHandler
                0x080075a4                TIM8_BRK_TIM12_IRQHandler
                0x080075a4                Default_Handler
                0x080075a4                CEC_IRQHandler
                0x080075a4                ADC_IRQHandler
                0x080075a4                DMA1_Stream7_IRQHandler
                0x080075a4                SPI5_IRQHandler
                0x080075a4                TIM7_IRQHandler
                0x080075a4                SDMMC1_IRQHandler
                0x080075a4                CAN2_TX_IRQHandler
                0x080075a4                TIM5_IRQHandler
                0x080075a4                DMA2_Stream7_IRQHandler
                0x080075a4                I2C3_EV_IRQHandler
                0x080075a4                RTC_WKUP_IRQHandler
                0x080075a4                LTDC_IRQHandler
                0x080075a4                ETH_WKUP_IRQHandler
                0x080075a4                SPDIF_RX_IRQHandler
                0x080075a4                SPI2_IRQHandler
                0x080075a4                OTG_HS_EP1_IN_IRQHandler
                0x080075a4                DMA1_Stream0_IRQHandler
                0x080075a4                CAN1_TX_IRQHandler
                0x080075a4                EXTI4_IRQHandler
                0x080075a4                RNG_IRQHandler
                0x080075a4                ETH_IRQHandler
                0x080075a4                OTG_HS_EP1_OUT_IRQHandler
                0x080075a4                WWDG_IRQHandler
                0x080075a4                SPI6_IRQHandler
                0x080075a4                MDIOS_IRQHandler
                0x080075a4                I2C4_EV_IRQHandler
                0x080075a4                CAN3_TX_IRQHandler
                0x080075a4                TIM2_IRQHandler
                0x080075a4                OTG_FS_WKUP_IRQHandler
                0x080075a4                TIM1_TRG_COM_TIM11_IRQHandler
                0x080075a4                OTG_HS_IRQHandler
                0x080075a4                DMA2D_IRQHandler
                0x080075a4                EXTI1_IRQHandler
                0x080075a4                SDMMC2_IRQHandler
                0x080075a4                UART7_IRQHandler
                0x080075a4                USART2_IRQHandler
                0x080075a4                DFSDM1_FLT0_IRQHandler
                0x080075a4                I2C2_ER_IRQHandler
                0x080075a4                DMA2_Stream1_IRQHandler
                0x080075a4                CAN1_SCE_IRQHandler
                0x080075a4                FLASH_IRQHandler
                0x080075a4                DMA2_Stream4_IRQHandler
                0x080075a4                USART1_IRQHandler
                0x080075a4                OTG_FS_IRQHandler
                0x080075a4                SPI3_IRQHandler
                0x080075a4                DMA1_Stream4_IRQHandler
                0x080075a4                I2C1_ER_IRQHandler
                0x080075a4                FMC_IRQHandler
                0x080075a4                LPTIM1_IRQHandler
                0x080075a4                I2C4_ER_IRQHandler
                0x080075a4                DMA2_Stream6_IRQHandler
                0x080075a4                SAI1_IRQHandler
                0x080075a4                DMA1_Stream3_IRQHandler
 *fill*         0x080075a6        0x2 
 .text.ILI9341_Draw_Char
                0x080075a8      0x134 ./Drivers/ILI9341/ILI9341_GFX.o
                0x080075a8                ILI9341_Draw_Char
 .text.ILI9341_Draw_Text
                0x080076dc       0x5e ./Drivers/ILI9341/ILI9341_GFX.o
                0x080076dc                ILI9341_Draw_Text
 *fill*         0x0800773a        0x2 
 .text.ILI9341_SPI_Init
                0x0800773c       0x20 ./Drivers/ILI9341/ILI9341_STM32_Driver.o
                0x0800773c                ILI9341_SPI_Init
 .text.ILI9341_SPI_Send
                0x0800775c       0x24 ./Drivers/ILI9341/ILI9341_STM32_Driver.o
                0x0800775c                ILI9341_SPI_Send
 .text.ILI9341_Write_Command
                0x08007780       0x44 ./Drivers/ILI9341/ILI9341_STM32_Driver.o
                0x08007780                ILI9341_Write_Command
 .text.ILI9341_Write_Data
                0x080077c4       0x44 ./Drivers/ILI9341/ILI9341_STM32_Driver.o
                0x080077c4                ILI9341_Write_Data
 .text.ILI9341_Set_Address
                0x08007808       0x98 ./Drivers/ILI9341/ILI9341_STM32_Driver.o
                0x08007808                ILI9341_Set_Address
 .text.ILI9341_Reset
                0x080078a0       0x3c ./Drivers/ILI9341/ILI9341_STM32_Driver.o
                0x080078a0                ILI9341_Reset
 .text.ILI9341_Set_Rotation
                0x080078dc       0xa4 ./Drivers/ILI9341/ILI9341_STM32_Driver.o
                0x080078dc                ILI9341_Set_Rotation
 .text.ILI9341_Enable
                0x08007980       0x18 ./Drivers/ILI9341/ILI9341_STM32_Driver.o
                0x08007980                ILI9341_Enable
 .text.ILI9341_Init
                0x08007998      0x21a ./Drivers/ILI9341/ILI9341_STM32_Driver.o
                0x08007998                ILI9341_Init
 *fill*         0x08007bb2        0x2 
 .text.ILI9341_Draw_Colour_Burst
                0x08007bb4      0x13c ./Drivers/ILI9341/ILI9341_STM32_Driver.o
                0x08007bb4                ILI9341_Draw_Colour_Burst
 .text.ILI9341_Fill_Screen
                0x08007cf0       0x4c ./Drivers/ILI9341/ILI9341_STM32_Driver.o
                0x08007cf0                ILI9341_Fill_Screen
 .text.ILI9341_Draw_Pixel
                0x08007d3c      0x1b4 ./Drivers/ILI9341/ILI9341_STM32_Driver.o
                0x08007d3c                ILI9341_Draw_Pixel
 .text.ILI9341_Draw_Rectangle
                0x08007ef0       0xb8 ./Drivers/ILI9341/ILI9341_STM32_Driver.o
                0x08007ef0                ILI9341_Draw_Rectangle
 .text.TP_Touchpad_Pressed
                0x08007fa8       0x20 ./Drivers/ILI9341/ILI9341_Touchscreen.o
                0x08007fa8                TP_Touchpad_Pressed
 .text.HAL_Init
                0x08007fc8       0x1a ./Drivers/STM32F7xx_HAL_Driver/Src/stm32f7xx_hal.o
                0x08007fc8                HAL_Init
 *fill*         0x08007fe2        0x2 
 .text.HAL_InitTick
                0x08007fe4       0x60 ./Drivers/STM32F7xx_HAL_Driver/Src/stm32f7xx_hal.o
                0x08007fe4                HAL_InitTick
 .text.HAL_IncTick
                0x08008044       0x28 ./Drivers/STM32F7xx_HAL_Driver/Src/stm32f7xx_hal.o
                0x08008044                HAL_IncTick
 .text.HAL_GetTick
                0x0800806c       0x18 ./Drivers/STM32F7xx_HAL_Driver/Src/stm32f7xx_hal.o
                0x0800806c                HAL_GetTick
 .text.HAL_Delay
                0x08008084       0x48 ./Drivers/STM32F7xx_HAL_Driver/Src/stm32f7xx_hal.o
                0x08008084                HAL_Delay
 .text.HAL_ADC_Init
                0x080080cc       0x88 ./Drivers/STM32F7xx_HAL_Driver/Src/stm32f7xx_hal_adc.o
                0x080080cc                HAL_ADC_Init
 .text.HAL_ADC_Start
                0x08008154      0x19c ./Drivers/STM32F7xx_HAL_Driver/Src/stm32f7xx_hal_adc.o
                0x08008154                HAL_ADC_Start
 .text.HAL_ADC_Stop
                0x080082f0       0x68 ./Drivers/STM32F7xx_HAL_Driver/Src/stm32f7xx_hal_adc.o
                0x080082f0                HAL_ADC_Stop
 .text.HAL_ADC_PollForConversion
                0x08008358      0x116 ./Drivers/STM32F7xx_HAL_Driver/Src/stm32f7xx_hal_adc.o
                0x08008358                HAL_ADC_PollForConversion
 .text.HAL_ADC_GetValue
                0x0800846e       0x1a ./Drivers/STM32F7xx_HAL_Driver/Src/stm32f7xx_hal_adc.o
                0x0800846e                HAL_ADC_GetValue
 .text.HAL_ADC_ConfigChannel
                0x08008488      0x2b4 ./Drivers/STM32F7xx_HAL_Driver/Src/stm32f7xx_hal_adc.o
                0x08008488                HAL_ADC_ConfigChannel
 .text.ADC_Init
                0x0800873c      0x1f4 ./Drivers/STM32F7xx_HAL_Driver/Src/stm32f7xx_hal_adc.o
 .text.__NVIC_SetPriorityGrouping
                0x08008930       0x48 ./Drivers/STM32F7xx_HAL_Driver/Src/stm32f7xx_hal_cortex.o
 .text.__NVIC_GetPriorityGrouping
                0x08008978       0x1c ./Drivers/STM32F7xx_HAL_Driver/Src/stm32f7xx_hal_cortex.o
 .text.__NVIC_EnableIRQ
                0x08008994       0x3c ./Drivers/STM32F7xx_HAL_Driver/Src/stm32f7xx_hal_cortex.o
 .text.__NVIC_SetPriority
                0x080089d0       0x54 ./Drivers/STM32F7xx_HAL_Driver/Src/stm32f7xx_hal_cortex.o
 .text.NVIC_EncodePriority
                0x08008a24       0x66 ./Drivers/STM32F7xx_HAL_Driver/Src/stm32f7xx_hal_cortex.o
 *fill*         0x08008a8a        0x2 
 .text.SysTick_Config
                0x08008a8c       0x44 ./Drivers/STM32F7xx_HAL_Driver/Src/stm32f7xx_hal_cortex.o
 .text.HAL_NVIC_SetPriorityGrouping
                0x08008ad0       0x16 ./Drivers/STM32F7xx_HAL_Driver/Src/stm32f7xx_hal_cortex.o
                0x08008ad0                HAL_NVIC_SetPriorityGrouping
 .text.HAL_NVIC_SetPriority
                0x08008ae6       0x38 ./Drivers/STM32F7xx_HAL_Driver/Src/stm32f7xx_hal_cortex.o
                0x08008ae6                HAL_NVIC_SetPriority
 .text.HAL_NVIC_EnableIRQ
                0x08008b1e       0x1c ./Drivers/STM32F7xx_HAL_Driver/Src/stm32f7xx_hal_cortex.o
                0x08008b1e                HAL_NVIC_EnableIRQ
 .text.HAL_SYSTICK_Config
                0x08008b3a       0x18 ./Drivers/STM32F7xx_HAL_Driver/Src/stm32f7xx_hal_cortex.o
                0x08008b3a                HAL_SYSTICK_Config
 *fill*         0x08008b52        0x2 
 .text.HAL_GPIO_Init
                0x08008b54      0x358 ./Drivers/STM32F7xx_HAL_Driver/Src/stm32f7xx_hal_gpio.o
                0x08008b54                HAL_GPIO_Init
 .text.HAL_GPIO_ReadPin
                0x08008eac       0x30 ./Drivers/STM32F7xx_HAL_Driver/Src/stm32f7xx_hal_gpio.o
                0x08008eac                HAL_GPIO_ReadPin
 .text.HAL_GPIO_WritePin
                0x08008edc       0x32 ./Drivers/STM32F7xx_HAL_Driver/Src/stm32f7xx_hal_gpio.o
                0x08008edc                HAL_GPIO_WritePin
 .text.HAL_GPIO_TogglePin
                0x08008f0e       0x34 ./Drivers/STM32F7xx_HAL_Driver/Src/stm32f7xx_hal_gpio.o
                0x08008f0e                HAL_GPIO_TogglePin
 *fill*         0x08008f42        0x2 
 .text.HAL_GPIO_EXTI_IRQHandler
                0x08008f44       0x30 ./Drivers/STM32F7xx_HAL_Driver/Src/stm32f7xx_hal_gpio.o
                0x08008f44                HAL_GPIO_EXTI_IRQHandler
 .text.HAL_PCD_Init
                0x08008f74      0x22c ./Drivers/STM32F7xx_HAL_Driver/Src/stm32f7xx_hal_pcd.o
                0x08008f74                HAL_PCD_Init
 .text.HAL_PCDEx_ActivateLPM
                0x080091a0       0x48 ./Drivers/STM32F7xx_HAL_Driver/Src/stm32f7xx_hal_pcd_ex.o
                0x080091a0                HAL_PCDEx_ActivateLPM
 .text.HAL_PWR_EnableBkUpAccess
                0x080091e8       0x20 ./Drivers/STM32F7xx_HAL_Driver/Src/stm32f7xx_hal_pwr.o
                0x080091e8                HAL_PWR_EnableBkUpAccess
 .text.HAL_PWREx_EnableOverDrive
                0x08009208       0xa0 ./Drivers/STM32F7xx_HAL_Driver/Src/stm32f7xx_hal_pwr_ex.o
                0x08009208                HAL_PWREx_EnableOverDrive
 .text.HAL_RCC_OscConfig
                0x080092a8      0x55c ./Drivers/STM32F7xx_HAL_Driver/Src/stm32f7xx_hal_rcc.o
                0x080092a8                HAL_RCC_OscConfig
 .text.HAL_RCC_ClockConfig
                0x08009804      0x1d8 ./Drivers/STM32F7xx_HAL_Driver/Src/stm32f7xx_hal_rcc.o
                0x08009804                HAL_RCC_ClockConfig
 .text.HAL_RCC_GetSysClockFreq
                0x080099dc      0x20c ./Drivers/STM32F7xx_HAL_Driver/Src/stm32f7xx_hal_rcc.o
                0x080099dc                HAL_RCC_GetSysClockFreq
 .text.HAL_RCC_GetHCLKFreq
                0x08009be8       0x18 ./Drivers/STM32F7xx_HAL_Driver/Src/stm32f7xx_hal_rcc.o
                0x08009be8                HAL_RCC_GetHCLKFreq
 .text.HAL_RCC_GetPCLK1Freq
                0x08009c00       0x28 ./Drivers/STM32F7xx_HAL_Driver/Src/stm32f7xx_hal_rcc.o
                0x08009c00                HAL_RCC_GetPCLK1Freq
 .text.HAL_RCC_GetPCLK2Freq
                0x08009c28       0x28 ./Drivers/STM32F7xx_HAL_Driver/Src/stm32f7xx_hal_rcc.o
                0x08009c28                HAL_RCC_GetPCLK2Freq
 .text.HAL_RCCEx_PeriphCLKConfig
                0x08009c50      0x850 ./Drivers/STM32F7xx_HAL_Driver/Src/stm32f7xx_hal_rcc_ex.o
                0x08009c50                HAL_RCCEx_PeriphCLKConfig
 .text.HAL_RNG_Init
                0x0800a4a0       0x54 ./Drivers/STM32F7xx_HAL_Driver/Src/stm32f7xx_hal_rng.o
                0x0800a4a0                HAL_RNG_Init
 .text.HAL_SPI_Init
                0x0800a4f4      0x156 ./Drivers/STM32F7xx_HAL_Driver/Src/stm32f7xx_hal_spi.o
                0x0800a4f4                HAL_SPI_Init
 .text.HAL_SPI_Transmit
                0x0800a64a      0x2ec ./Drivers/STM32F7xx_HAL_Driver/Src/stm32f7xx_hal_spi.o
                0x0800a64a                HAL_SPI_Transmit
 *fill*         0x0800a936        0x2 
 .text.SPI_WaitFlagStateUntilTimeout
                0x0800a938      0x110 ./Drivers/STM32F7xx_HAL_Driver/Src/stm32f7xx_hal_spi.o
 .text.SPI_WaitFifoStateUntilTimeout
                0x0800aa48      0x12c ./Drivers/STM32F7xx_HAL_Driver/Src/stm32f7xx_hal_spi.o
 .text.SPI_EndRxTxTransaction
                0x0800ab74       0xd4 ./Drivers/STM32F7xx_HAL_Driver/Src/stm32f7xx_hal_spi.o
 .text.HAL_TIM_Base_Init
                0x0800ac48       0xae ./Drivers/STM32F7xx_HAL_Driver/Src/stm32f7xx_hal_tim.o
                0x0800ac48                HAL_TIM_Base_Init
 *fill*         0x0800acf6        0x2 
 .text.HAL_TIM_Base_Start_IT
                0x0800acf8       0xf0 ./Drivers/STM32F7xx_HAL_Driver/Src/stm32f7xx_hal_tim.o
                0x0800acf8                HAL_TIM_Base_Start_IT
 .text.HAL_TIM_PWM_Init
                0x0800ade8       0xae ./Drivers/STM32F7xx_HAL_Driver/Src/stm32f7xx_hal_tim.o
                0x0800ade8                HAL_TIM_PWM_Init
 .text.HAL_TIM_PWM_MspInit
                0x0800ae96       0x14 ./Drivers/STM32F7xx_HAL_Driver/Src/stm32f7xx_hal_tim.o
                0x0800ae96                HAL_TIM_PWM_MspInit
 *fill*         0x0800aeaa        0x2 
 .text.HAL_TIM_PWM_Start_IT
                0x0800aeac      0x290 ./Drivers/STM32F7xx_HAL_Driver/Src/stm32f7xx_hal_tim.o
                0x0800aeac                HAL_TIM_PWM_Start_IT
 .text.HAL_TIM_PWM_Stop_IT
                0x0800b13c      0x19c ./Drivers/STM32F7xx_HAL_Driver/Src/stm32f7xx_hal_tim.o
                0x0800b13c                HAL_TIM_PWM_Stop_IT
 .text.HAL_TIM_IRQHandler
                0x0800b2d8      0x20e ./Drivers/STM32F7xx_HAL_Driver/Src/stm32f7xx_hal_tim.o
                0x0800b2d8                HAL_TIM_IRQHandler
 *fill*         0x0800b4e6        0x2 
 .text.HAL_TIM_PWM_ConfigChannel
                0x0800b4e8      0x228 ./Drivers/STM32F7xx_HAL_Driver/Src/stm32f7xx_hal_tim.o
                0x0800b4e8                HAL_TIM_PWM_ConfigChannel
 .text.HAL_TIM_ConfigClockSource
                0x0800b710      0x194 ./Drivers/STM32F7xx_HAL_Driver/Src/stm32f7xx_hal_tim.o
                0x0800b710                HAL_TIM_ConfigClockSource
 .text.HAL_TIM_PeriodElapsedCallback
                0x0800b8a4       0x14 ./Drivers/STM32F7xx_HAL_Driver/Src/stm32f7xx_hal_tim.o
                0x0800b8a4                HAL_TIM_PeriodElapsedCallback
 .text.HAL_TIM_OC_DelayElapsedCallback
                0x0800b8b8       0x14 ./Drivers/STM32F7xx_HAL_Driver/Src/stm32f7xx_hal_tim.o
                0x0800b8b8                HAL_TIM_OC_DelayElapsedCallback
 .text.HAL_TIM_IC_CaptureCallback
                0x0800b8cc       0x14 ./Drivers/STM32F7xx_HAL_Driver/Src/stm32f7xx_hal_tim.o
                0x0800b8cc                HAL_TIM_IC_CaptureCallback
 .text.HAL_TIM_TriggerCallback
                0x0800b8e0       0x14 ./Drivers/STM32F7xx_HAL_Driver/Src/stm32f7xx_hal_tim.o
                0x0800b8e0                HAL_TIM_TriggerCallback
 .text.TIM_Base_SetConfig
                0x0800b8f4      0x14c ./Drivers/STM32F7xx_HAL_Driver/Src/stm32f7xx_hal_tim.o
                0x0800b8f4                TIM_Base_SetConfig
 .text.TIM_OC1_SetConfig
                0x0800ba40       0xe4 ./Drivers/STM32F7xx_HAL_Driver/Src/stm32f7xx_hal_tim.o
 .text.TIM_OC2_SetConfig
                0x0800bb24       0xf0 ./Drivers/STM32F7xx_HAL_Driver/Src/stm32f7xx_hal_tim.o
                0x0800bb24                TIM_OC2_SetConfig
 .text.TIM_OC3_SetConfig
                0x0800bc14       0xec ./Drivers/STM32F7xx_HAL_Driver/Src/stm32f7xx_hal_tim.o
 .text.TIM_OC4_SetConfig
                0x0800bd00       0xb0 ./Drivers/STM32F7xx_HAL_Driver/Src/stm32f7xx_hal_tim.o
 .text.TIM_OC5_SetConfig
                0x0800bdb0       0xa4 ./Drivers/STM32F7xx_HAL_Driver/Src/stm32f7xx_hal_tim.o
 .text.TIM_OC6_SetConfig
                0x0800be54       0xa8 ./Drivers/STM32F7xx_HAL_Driver/Src/stm32f7xx_hal_tim.o
 .text.TIM_TI1_ConfigInputStage
                0x0800befc       0x5e ./Drivers/STM32F7xx_HAL_Driver/Src/stm32f7xx_hal_tim.o
 .text.TIM_TI2_ConfigInputStage
                0x0800bf5a       0x60 ./Drivers/STM32F7xx_HAL_Driver/Src/stm32f7xx_hal_tim.o
 .text.TIM_ITRx_SetConfig
                0x0800bfba       0x36 ./Drivers/STM32F7xx_HAL_Driver/Src/stm32f7xx_hal_tim.o
 .text.TIM_ETR_SetConfig
                0x0800bff0       0x40 ./Drivers/STM32F7xx_HAL_Driver/Src/stm32f7xx_hal_tim.o
                0x0800bff0                TIM_ETR_SetConfig
 .text.TIM_CCxChannelCmd
                0x0800c030       0x4a ./Drivers/STM32F7xx_HAL_Driver/Src/stm32f7xx_hal_tim.o
                0x0800c030                TIM_CCxChannelCmd
 *fill*         0x0800c07a        0x2 
 .text.HAL_TIMEx_MasterConfigSynchronization
                0x0800c07c      0x11c ./Drivers/STM32F7xx_HAL_Driver/Src/stm32f7xx_hal_tim_ex.o
                0x0800c07c                HAL_TIMEx_MasterConfigSynchronization
 .text.HAL_TIMEx_CommutCallback
                0x0800c198       0x14 ./Drivers/STM32F7xx_HAL_Driver/Src/stm32f7xx_hal_tim_ex.o
                0x0800c198                HAL_TIMEx_CommutCallback
 .text.HAL_TIMEx_BreakCallback
                0x0800c1ac       0x14 ./Drivers/STM32F7xx_HAL_Driver/Src/stm32f7xx_hal_tim_ex.o
                0x0800c1ac                HAL_TIMEx_BreakCallback
 .text.HAL_TIMEx_Break2Callback
                0x0800c1c0       0x14 ./Drivers/STM32F7xx_HAL_Driver/Src/stm32f7xx_hal_tim_ex.o
                0x0800c1c0                HAL_TIMEx_Break2Callback
 .text.HAL_UART_Init
                0x0800c1d4       0x9c ./Drivers/STM32F7xx_HAL_Driver/Src/stm32f7xx_hal_uart.o
                0x0800c1d4                HAL_UART_Init
 .text.HAL_UART_Transmit
                0x0800c270      0x112 ./Drivers/STM32F7xx_HAL_Driver/Src/stm32f7xx_hal_uart.o
                0x0800c270                HAL_UART_Transmit
 .text.HAL_UART_Receive
                0x0800c382      0x190 ./Drivers/STM32F7xx_HAL_Driver/Src/stm32f7xx_hal_uart.o
                0x0800c382                HAL_UART_Receive
 .text.HAL_UART_Receive_IT
                0x0800c512       0x88 ./Drivers/STM32F7xx_HAL_Driver/Src/stm32f7xx_hal_uart.o
                0x0800c512                HAL_UART_Receive_IT
 .text.HAL_UART_RxCpltCallback
                0x0800c59a       0x14 ./Drivers/STM32F7xx_HAL_Driver/Src/stm32f7xx_hal_uart.o
                0x0800c59a                HAL_UART_RxCpltCallback
 .text.HAL_UARTEx_RxEventCallback
                0x0800c5ae       0x18 ./Drivers/STM32F7xx_HAL_Driver/Src/stm32f7xx_hal_uart.o
                0x0800c5ae                HAL_UARTEx_RxEventCallback
 *fill*         0x0800c5c6        0x2 
 .text.UART_SetConfig
                0x0800c5c8      0x4c8 ./Drivers/STM32F7xx_HAL_Driver/Src/stm32f7xx_hal_uart.o
                0x0800c5c8                UART_SetConfig
 .text.UART_AdvFeatureConfig
                0x0800ca90      0x144 ./Drivers/STM32F7xx_HAL_Driver/Src/stm32f7xx_hal_uart.o
                0x0800ca90                UART_AdvFeatureConfig
 .text.UART_CheckIdleState
                0x0800cbd4      0x150 ./Drivers/STM32F7xx_HAL_Driver/Src/stm32f7xx_hal_uart.o
                0x0800cbd4                UART_CheckIdleState
 .text.UART_WaitOnFlagUntilTimeout
                0x0800cd24       0xda ./Drivers/STM32F7xx_HAL_Driver/Src/stm32f7xx_hal_uart.o
                0x0800cd24                UART_WaitOnFlagUntilTimeout
 *fill*         0x0800cdfe        0x2 
 .text.UART_Start_Receive_IT
                0x0800ce00      0x18c ./Drivers/STM32F7xx_HAL_Driver/Src/stm32f7xx_hal_uart.o
                0x0800ce00                UART_Start_Receive_IT
 .text.UART_EndRxTransfer
                0x0800cf8c       0xc8 ./Drivers/STM32F7xx_HAL_Driver/Src/stm32f7xx_hal_uart.o
 .text.UART_RxISR_8BIT
                0x0800d054      0x1a8 ./Drivers/STM32F7xx_HAL_Driver/Src/stm32f7xx_hal_uart.o
 .text.UART_RxISR_16BIT
                0x0800d1fc      0x1a8 ./Drivers/STM32F7xx_HAL_Driver/Src/stm32f7xx_hal_uart.o
 .text.USB_CoreInit
                0x0800d3a4       0xb4 ./Drivers/STM32F7xx_HAL_Driver/Src/stm32f7xx_ll_usb.o
                0x0800d3a4                USB_CoreInit
 .text.USB_DisableGlobalInt
                0x0800d458       0x22 ./Drivers/STM32F7xx_HAL_Driver/Src/stm32f7xx_ll_usb.o
                0x0800d458                USB_DisableGlobalInt
 .text.USB_SetCurrentMode
                0x0800d47a       0x98 ./Drivers/STM32F7xx_HAL_Driver/Src/stm32f7xx_ll_usb.o
                0x0800d47a                USB_SetCurrentMode
 *fill*         0x0800d512        0x2 
 .text.USB_DevInit
                0x0800d514      0x2bc ./Drivers/STM32F7xx_HAL_Driver/Src/stm32f7xx_ll_usb.o
                0x0800d514                USB_DevInit
 .text.USB_FlushTxFifo
                0x0800d7d0       0x64 ./Drivers/STM32F7xx_HAL_Driver/Src/stm32f7xx_ll_usb.o
                0x0800d7d0                USB_FlushTxFifo
 .text.USB_FlushRxFifo
                0x0800d834       0x5c ./Drivers/STM32F7xx_HAL_Driver/Src/stm32f7xx_ll_usb.o
                0x0800d834                USB_FlushRxFifo
 .text.USB_SetDevSpeed
                0x0800d890       0x32 ./Drivers/STM32F7xx_HAL_Driver/Src/stm32f7xx_ll_usb.o
                0x0800d890                USB_SetDevSpeed
 .text.USB_DevDisconnect
                0x0800d8c2       0x42 ./Drivers/STM32F7xx_HAL_Driver/Src/stm32f7xx_ll_usb.o
                0x0800d8c2                USB_DevDisconnect
 .text.USB_GetMode
                0x0800d904       0x1c ./Drivers/STM32F7xx_HAL_Driver/Src/stm32f7xx_ll_usb.o
                0x0800d904                USB_GetMode
 .text.USB_CoreReset
                0x0800d920       0x70 ./Drivers/STM32F7xx_HAL_Driver/Src/stm32f7xx_ll_usb.o
 .text.__cvt    0x0800d990       0xa8 C:/ST/STM32CubeIDE_1.19.0/STM32CubeIDE/plugins/com.st.stm32cube.ide.mcu.externaltools.gnu-tools-for-stm32.13.3.rel1.win32_1.0.0.202411081344/tools/bin/../lib/gcc/arm-none-eabi/13.3.1/../../../../arm-none-eabi/lib/thumb/v7e-m+dp/hard\libc_nano.a(libc_a-nano-vfprintf_float.o)
                0x0800d990                __cvt
 .text.__exponent
                0x0800da38       0x74 C:/ST/STM32CubeIDE_1.19.0/STM32CubeIDE/plugins/com.st.stm32cube.ide.mcu.externaltools.gnu-tools-for-stm32.13.3.rel1.win32_1.0.0.202411081344/tools/bin/../lib/gcc/arm-none-eabi/13.3.1/../../../../arm-none-eabi/lib/thumb/v7e-m+dp/hard\libc_nano.a(libc_a-nano-vfprintf_float.o)
                0x0800da38                __exponent
 *fill*         0x0800daac        0x4 
 .text._printf_float
                0x0800dab0      0x434 C:/ST/STM32CubeIDE_1.19.0/STM32CubeIDE/plugins/com.st.stm32cube.ide.mcu.externaltools.gnu-tools-for-stm32.13.3.rel1.win32_1.0.0.202411081344/tools/bin/../lib/gcc/arm-none-eabi/13.3.1/../../../../arm-none-eabi/lib/thumb/v7e-m+dp/hard\libc_nano.a(libc_a-nano-vfprintf_float.o)
                0x0800dab0                _printf_float
 .text._printf_common
                0x0800dee4       0xda C:/ST/STM32CubeIDE_1.19.0/STM32CubeIDE/plugins/com.st.stm32cube.ide.mcu.externaltools.gnu-tools-for-stm32.13.3.rel1.win32_1.0.0.202411081344/tools/bin/../lib/gcc/arm-none-eabi/13.3.1/../../../../arm-none-eabi/lib/thumb/v7e-m+dp/hard\libc_nano.a(libc_a-nano-vfprintf_i.o)
                0x0800dee4                _printf_common
 *fill*         0x0800dfbe        0x2 
 .text._printf_i
                0x0800dfc0      0x23c C:/ST/STM32CubeIDE_1.19.0/STM32CubeIDE/plugins/com.st.stm32cube.ide.mcu.externaltools.gnu-tools-for-stm32.13.3.rel1.win32_1.0.0.202411081344/tools/bin/../lib/gcc/arm-none-eabi/13.3.1/../../../../arm-none-eabi/lib/thumb/v7e-m+dp/hard\libc_nano.a(libc_a-nano-vfprintf_i.o)
                0x0800dfc0                _printf_i
 .text._scanf_float
                0x0800e1fc      0x40c C:/ST/STM32CubeIDE_1.19.0/STM32CubeIDE/plugins/com.st.stm32cube.ide.mcu.externaltools.gnu-tools-for-stm32.13.3.rel1.win32_1.0.0.202411081344/tools/bin/../lib/gcc/arm-none-eabi/13.3.1/../../../../arm-none-eabi/lib/thumb/v7e-m+dp/hard\libc_nano.a(libc_a-nano-vfscanf_float.o)
                0x0800e1fc                _scanf_float
 .text.std      0x0800e608       0x6c C:/ST/STM32CubeIDE_1.19.0/STM32CubeIDE/plugins/com.st.stm32cube.ide.mcu.externaltools.gnu-tools-for-stm32.13.3.rel1.win32_1.0.0.202411081344/tools/bin/../lib/gcc/arm-none-eabi/13.3.1/../../../../arm-none-eabi/lib/thumb/v7e-m+dp/hard\libc_nano.a(libc_a-findfp.o)
 .text.stdio_exit_handler
                0x0800e674       0x18 C:/ST/STM32CubeIDE_1.19.0/STM32CubeIDE/plugins/com.st.stm32cube.ide.mcu.externaltools.gnu-tools-for-stm32.13.3.rel1.win32_1.0.0.202411081344/tools/bin/../lib/gcc/arm-none-eabi/13.3.1/../../../../arm-none-eabi/lib/thumb/v7e-m+dp/hard\libc_nano.a(libc_a-findfp.o)
 .text.cleanup_stdio
                0x0800e68c       0x40 C:/ST/STM32CubeIDE_1.19.0/STM32CubeIDE/plugins/com.st.stm32cube.ide.mcu.externaltools.gnu-tools-for-stm32.13.3.rel1.win32_1.0.0.202411081344/tools/bin/../lib/gcc/arm-none-eabi/13.3.1/../../../../arm-none-eabi/lib/thumb/v7e-m+dp/hard\libc_nano.a(libc_a-findfp.o)
 .text.global_stdio_init.part.0
                0x0800e6cc       0x3c C:/ST/STM32CubeIDE_1.19.0/STM32CubeIDE/plugins/com.st.stm32cube.ide.mcu.externaltools.gnu-tools-for-stm32.13.3.rel1.win32_1.0.0.202411081344/tools/bin/../lib/gcc/arm-none-eabi/13.3.1/../../../../arm-none-eabi/lib/thumb/v7e-m+dp/hard\libc_nano.a(libc_a-findfp.o)
 .text.__sfp_lock_acquire
                0x0800e708        0xc C:/ST/STM32CubeIDE_1.19.0/STM32CubeIDE/plugins/com.st.stm32cube.ide.mcu.externaltools.gnu-tools-for-stm32.13.3.rel1.win32_1.0.0.202411081344/tools/bin/../lib/gcc/arm-none-eabi/13.3.1/../../../../arm-none-eabi/lib/thumb/v7e-m+dp/hard\libc_nano.a(libc_a-findfp.o)
                0x0800e708                __sfp_lock_acquire
 .text.__sfp_lock_release
                0x0800e714        0xc C:/ST/STM32CubeIDE_1.19.0/STM32CubeIDE/plugins/com.st.stm32cube.ide.mcu.externaltools.gnu-tools-for-stm32.13.3.rel1.win32_1.0.0.202411081344/tools/bin/../lib/gcc/arm-none-eabi/13.3.1/../../../../arm-none-eabi/lib/thumb/v7e-m+dp/hard\libc_nano.a(libc_a-findfp.o)
                0x0800e714                __sfp_lock_release
 .text.__sinit  0x0800e720       0x30 C:/ST/STM32CubeIDE_1.19.0/STM32CubeIDE/plugins/com.st.stm32cube.ide.mcu.externaltools.gnu-tools-for-stm32.13.3.rel1.win32_1.0.0.202411081344/tools/bin/../lib/gcc/arm-none-eabi/13.3.1/../../../../arm-none-eabi/lib/thumb/v7e-m+dp/hard\libc_nano.a(libc_a-findfp.o)
                0x0800e720                __sinit
 .text._fwalk_sglue
                0x0800e750       0x3c C:/ST/STM32CubeIDE_1.19.0/STM32CubeIDE/plugins/com.st.stm32cube.ide.mcu.externaltools.gnu-tools-for-stm32.13.3.rel1.win32_1.0.0.202411081344/tools/bin/../lib/gcc/arm-none-eabi/13.3.1/../../../../arm-none-eabi/lib/thumb/v7e-m+dp/hard\libc_nano.a(libc_a-fwalk.o)
                0x0800e750                _fwalk_sglue
 .text.snprintf
                0x0800e78c       0x6c C:/ST/STM32CubeIDE_1.19.0/STM32CubeIDE/plugins/com.st.stm32cube.ide.mcu.externaltools.gnu-tools-for-stm32.13.3.rel1.win32_1.0.0.202411081344/tools/bin/../lib/gcc/arm-none-eabi/13.3.1/../../../../arm-none-eabi/lib/thumb/v7e-m+dp/hard\libc_nano.a(libc_a-snprintf.o)
                0x0800e78c                sniprintf
                0x0800e78c                snprintf
 .text.sprintf  0x0800e7f8       0x44 C:/ST/STM32CubeIDE_1.19.0/STM32CubeIDE/plugins/com.st.stm32cube.ide.mcu.externaltools.gnu-tools-for-stm32.13.3.rel1.win32_1.0.0.202411081344/tools/bin/../lib/gcc/arm-none-eabi/13.3.1/../../../../arm-none-eabi/lib/thumb/v7e-m+dp/hard\libc_nano.a(libc_a-sprintf.o)
                0x0800e7f8                siprintf
                0x0800e7f8                sprintf
 .text.__sread  0x0800e83c       0x22 C:/ST/STM32CubeIDE_1.19.0/STM32CubeIDE/plugins/com.st.stm32cube.ide.mcu.externaltools.gnu-tools-for-stm32.13.3.rel1.win32_1.0.0.202411081344/tools/bin/../lib/gcc/arm-none-eabi/13.3.1/../../../../arm-none-eabi/lib/thumb/v7e-m+dp/hard\libc_nano.a(libc_a-stdio.o)
                0x0800e83c                __sread
 .text.__swrite
                0x0800e85e       0x38 C:/ST/STM32CubeIDE_1.19.0/STM32CubeIDE/plugins/com.st.stm32cube.ide.mcu.externaltools.gnu-tools-for-stm32.13.3.rel1.win32_1.0.0.202411081344/tools/bin/../lib/gcc/arm-none-eabi/13.3.1/../../../../arm-none-eabi/lib/thumb/v7e-m+dp/hard\libc_nano.a(libc_a-stdio.o)
                0x0800e85e                __swrite
 .text.__sseek  0x0800e896       0x24 C:/ST/STM32CubeIDE_1.19.0/STM32CubeIDE/plugins/com.st.stm32cube.ide.mcu.externaltools.gnu-tools-for-stm32.13.3.rel1.win32_1.0.0.202411081344/tools/bin/../lib/gcc/arm-none-eabi/13.3.1/../../../../arm-none-eabi/lib/thumb/v7e-m+dp/hard\libc_nano.a(libc_a-stdio.o)
                0x0800e896                __sseek
 .text.__sclose
                0x0800e8ba        0x8 C:/ST/STM32CubeIDE_1.19.0/STM32CubeIDE/plugins/com.st.stm32cube.ide.mcu.externaltools.gnu-tools-for-stm32.13.3.rel1.win32_1.0.0.202411081344/tools/bin/../lib/gcc/arm-none-eabi/13.3.1/../../../../arm-none-eabi/lib/thumb/v7e-m+dp/hard\libc_nano.a(libc_a-stdio.o)
                0x0800e8ba                __sclose
 .text._vsnprintf_r
                0x0800e8c2       0x5c C:/ST/STM32CubeIDE_1.19.0/STM32CubeIDE/plugins/com.st.stm32cube.ide.mcu.externaltools.gnu-tools-for-stm32.13.3.rel1.win32_1.0.0.202411081344/tools/bin/../lib/gcc/arm-none-eabi/13.3.1/../../../../arm-none-eabi/lib/thumb/v7e-m+dp/hard\libc_nano.a(libc_a-vsnprintf.o)
                0x0800e8c2                _vsniprintf_r
                0x0800e8c2                _vsnprintf_r
 *fill*         0x0800e91e        0x2 
 .text.vsnprintf
                0x0800e920       0x1c C:/ST/STM32CubeIDE_1.19.0/STM32CubeIDE/plugins/com.st.stm32cube.ide.mcu.externaltools.gnu-tools-for-stm32.13.3.rel1.win32_1.0.0.202411081344/tools/bin/../lib/gcc/arm-none-eabi/13.3.1/../../../../arm-none-eabi/lib/thumb/v7e-m+dp/hard\libc_nano.a(libc_a-vsnprintf.o)
                0x0800e920                vsniprintf
                0x0800e920                vsnprintf
 .text.memset   0x0800e93c       0x10 C:/ST/STM32CubeIDE_1.19.0/STM32CubeIDE/plugins/com.st.stm32cube.ide.mcu.externaltools.gnu-tools-for-stm32.13.3.rel1.win32_1.0.0.202411081344/tools/bin/../lib/gcc/arm-none-eabi/13.3.1/../../../../arm-none-eabi/lib/thumb/v7e-m+dp/hard\libc_nano.a(libc_a-memset.o)
                0x0800e93c                memset
 .text.strchr   0x0800e94c       0x1a C:/ST/STM32CubeIDE_1.19.0/STM32CubeIDE/plugins/com.st.stm32cube.ide.mcu.externaltools.gnu-tools-for-stm32.13.3.rel1.win32_1.0.0.202411081344/tools/bin/../lib/gcc/arm-none-eabi/13.3.1/../../../../arm-none-eabi/lib/thumb/v7e-m+dp/hard\libc_nano.a(libc_a-strchr.o)
                0x0800e94c                strchr
 .text.strncat  0x0800e966       0x26 C:/ST/STM32CubeIDE_1.19.0/STM32CubeIDE/plugins/com.st.stm32cube.ide.mcu.externaltools.gnu-tools-for-stm32.13.3.rel1.win32_1.0.0.202411081344/tools/bin/../lib/gcc/arm-none-eabi/13.3.1/../../../../arm-none-eabi/lib/thumb/v7e-m+dp/hard\libc_nano.a(libc_a-strncat.o)
                0x0800e966                strncat
 .text.strncpy  0x0800e98c       0x26 C:/ST/STM32CubeIDE_1.19.0/STM32CubeIDE/plugins/com.st.stm32cube.ide.mcu.externaltools.gnu-tools-for-stm32.13.3.rel1.win32_1.0.0.202411081344/tools/bin/../lib/gcc/arm-none-eabi/13.3.1/../../../../arm-none-eabi/lib/thumb/v7e-m+dp/hard\libc_nano.a(libc_a-strncpy.o)
                0x0800e98c                strncpy
 .text.strstr   0x0800e9b2       0x2c C:/ST/STM32CubeIDE_1.19.0/STM32CubeIDE/plugins/com.st.stm32cube.ide.mcu.externaltools.gnu-tools-for-stm32.13.3.rel1.win32_1.0.0.202411081344/tools/bin/../lib/gcc/arm-none-eabi/13.3.1/../../../../arm-none-eabi/lib/thumb/v7e-m+dp/hard\libc_nano.a(libc_a-strstr.o)
                0x0800e9b2                strstr
 *fill*         0x0800e9de        0x2 
 .text._localeconv_r
                0x0800e9e0        0x8 C:/ST/STM32CubeIDE_1.19.0/STM32CubeIDE/plugins/com.st.stm32cube.ide.mcu.externaltools.gnu-tools-for-stm32.13.3.rel1.win32_1.0.0.202411081344/tools/bin/../lib/gcc/arm-none-eabi/13.3.1/../../../../arm-none-eabi/lib/thumb/v7e-m+dp/hard\libc_nano.a(libc_a-localeconv.o)
                0x0800e9e0                _localeconv_r
 .text._close_r
                0x0800e9e8       0x20 C:/ST/STM32CubeIDE_1.19.0/STM32CubeIDE/plugins/com.st.stm32cube.ide.mcu.externaltools.gnu-tools-for-stm32.13.3.rel1.win32_1.0.0.202411081344/tools/bin/../lib/gcc/arm-none-eabi/13.3.1/../../../../arm-none-eabi/lib/thumb/v7e-m+dp/hard\libc_nano.a(libc_a-closer.o)
                0x0800e9e8                _close_r
 .text._lseek_r
                0x0800ea08       0x24 C:/ST/STM32CubeIDE_1.19.0/STM32CubeIDE/plugins/com.st.stm32cube.ide.mcu.externaltools.gnu-tools-for-stm32.13.3.rel1.win32_1.0.0.202411081344/tools/bin/../lib/gcc/arm-none-eabi/13.3.1/../../../../arm-none-eabi/lib/thumb/v7e-m+dp/hard\libc_nano.a(libc_a-lseekr.o)
                0x0800ea08                _lseek_r
 .text._read_r  0x0800ea2c       0x24 C:/ST/STM32CubeIDE_1.19.0/STM32CubeIDE/plugins/com.st.stm32cube.ide.mcu.externaltools.gnu-tools-for-stm32.13.3.rel1.win32_1.0.0.202411081344/tools/bin/../lib/gcc/arm-none-eabi/13.3.1/../../../../arm-none-eabi/lib/thumb/v7e-m+dp/hard\libc_nano.a(libc_a-readr.o)
                0x0800ea2c                _read_r
 .text._write_r
                0x0800ea50       0x24 C:/ST/STM32CubeIDE_1.19.0/STM32CubeIDE/plugins/com.st.stm32cube.ide.mcu.externaltools.gnu-tools-for-stm32.13.3.rel1.win32_1.0.0.202411081344/tools/bin/../lib/gcc/arm-none-eabi/13.3.1/../../../../arm-none-eabi/lib/thumb/v7e-m+dp/hard\libc_nano.a(libc_a-writer.o)
                0x0800ea50                _write_r
 .text.__errno  0x0800ea74        0xc C:/ST/STM32CubeIDE_1.19.0/STM32CubeIDE/plugins/com.st.stm32cube.ide.mcu.externaltools.gnu-tools-for-stm32.13.3.rel1.win32_1.0.0.202411081344/tools/bin/../lib/gcc/arm-none-eabi/13.3.1/../../../../arm-none-eabi/lib/thumb/v7e-m+dp/hard\libc_nano.a(libc_a-errno.o)
                0x0800ea74                __errno
 .text.__libc_init_array
                0x0800ea80       0x48 C:/ST/STM32CubeIDE_1.19.0/STM32CubeIDE/plugins/com.st.stm32cube.ide.mcu.externaltools.gnu-tools-for-stm32.13.3.rel1.win32_1.0.0.202411081344/tools/bin/../lib/gcc/arm-none-eabi/13.3.1/../../../../arm-none-eabi/lib/thumb/v7e-m+dp/hard\libc_nano.a(libc_a-init.o)
                0x0800ea80                __libc_init_array
 .text.__retarget_lock_init_recursive
                0x0800eac8        0x2 C:/ST/STM32CubeIDE_1.19.0/STM32CubeIDE/plugins/com.st.stm32cube.ide.mcu.externaltools.gnu-tools-for-stm32.13.3.rel1.win32_1.0.0.202411081344/tools/bin/../lib/gcc/arm-none-eabi/13.3.1/../../../../arm-none-eabi/lib/thumb/v7e-m+dp/hard\libc_nano.a(libc_a-lock.o)
                0x0800eac8                __retarget_lock_init_recursive
 .text.__retarget_lock_acquire_recursive
                0x0800eaca        0x2 C:/ST/STM32CubeIDE_1.19.0/STM32CubeIDE/plugins/com.st.stm32cube.ide.mcu.externaltools.gnu-tools-for-stm32.13.3.rel1.win32_1.0.0.202411081344/tools/bin/../lib/gcc/arm-none-eabi/13.3.1/../../../../arm-none-eabi/lib/thumb/v7e-m+dp/hard\libc_nano.a(libc_a-lock.o)
                0x0800eaca                __retarget_lock_acquire_recursive
 .text.__retarget_lock_release_recursive
                0x0800eacc        0x2 C:/ST/STM32CubeIDE_1.19.0/STM32CubeIDE/plugins/com.st.stm32cube.ide.mcu.externaltools.gnu-tools-for-stm32.13.3.rel1.win32_1.0.0.202411081344/tools/bin/../lib/gcc/arm-none-eabi/13.3.1/../../../../arm-none-eabi/lib/thumb/v7e-m+dp/hard\libc_nano.a(libc_a-lock.o)
                0x0800eacc                __retarget_lock_release_recursive
 .text.strcpy   0x0800eace       0x10 C:/ST/STM32CubeIDE_1.19.0/STM32CubeIDE/plugins/com.st.stm32cube.ide.mcu.externaltools.gnu-tools-for-stm32.13.3.rel1.win32_1.0.0.202411081344/tools/bin/../lib/gcc/arm-none-eabi/13.3.1/../../../../arm-none-eabi/lib/thumb/v7e-m+dp/hard\libc_nano.a(libc_a-strcpy.o)
                0x0800eace                strcpy
 .text.memcpy   0x0800eade       0x1c C:/ST/STM32CubeIDE_1.19.0/STM32CubeIDE/plugins/com.st.stm32cube.ide.mcu.externaltools.gnu-tools-for-stm32.13.3.rel1.win32_1.0.0.202411081344/tools/bin/../lib/gcc/arm-none-eabi/13.3.1/../../../../arm-none-eabi/lib/thumb/v7e-m+dp/hard\libc_nano.a(libc_a-memcpy-stub.o)
                0x0800eade                memcpy
 *fill*         0x0800eafa        0x2 
 .text.nanf     0x0800eafc        0xc C:/ST/STM32CubeIDE_1.19.0/STM32CubeIDE/plugins/com.st.stm32cube.ide.mcu.externaltools.gnu-tools-for-stm32.13.3.rel1.win32_1.0.0.202411081344/tools/bin/../lib/gcc/arm-none-eabi/13.3.1/../../../../arm-none-eabi/lib/thumb/v7e-m+dp/hard\libc_nano.a(libm_a-sf_nan.o)
                0x0800eafc                nanf
 .text.quorem   0x0800eb08      0x110 C:/ST/STM32CubeIDE_1.19.0/STM32CubeIDE/plugins/com.st.stm32cube.ide.mcu.externaltools.gnu-tools-for-stm32.13.3.rel1.win32_1.0.0.202411081344/tools/bin/../lib/gcc/arm-none-eabi/13.3.1/../../../../arm-none-eabi/lib/thumb/v7e-m+dp/hard\libc_nano.a(libc_a-dtoa.o)
 .text._dtoa_r  0x0800ec18      0xabc C:/ST/STM32CubeIDE_1.19.0/STM32CubeIDE/plugins/com.st.stm32cube.ide.mcu.externaltools.gnu-tools-for-stm32.13.3.rel1.win32_1.0.0.202411081344/tools/bin/../lib/gcc/arm-none-eabi/13.3.1/../../../../arm-none-eabi/lib/thumb/v7e-m+dp/hard\libc_nano.a(libc_a-dtoa.o)
                0x0800ec18                _dtoa_r
 .text._free_r  0x0800f6d4       0x94 C:/ST/STM32CubeIDE_1.19.0/STM32CubeIDE/plugins/com.st.stm32cube.ide.mcu.externaltools.gnu-tools-for-stm32.13.3.rel1.win32_1.0.0.202411081344/tools/bin/../lib/gcc/arm-none-eabi/13.3.1/../../../../arm-none-eabi/lib/thumb/v7e-m+dp/hard\libc_nano.a(libc_a-freer.o)
                0x0800f6d4                _free_r
 .text.malloc   0x0800f768       0x10 C:/ST/STM32CubeIDE_1.19.0/STM32CubeIDE/plugins/com.st.stm32cube.ide.mcu.externaltools.gnu-tools-for-stm32.13.3.rel1.win32_1.0.0.202411081344/tools/bin/../lib/gcc/arm-none-eabi/13.3.1/../../../../arm-none-eabi/lib/thumb/v7e-m+dp/hard\libc_nano.a(libc_a-malloc.o)
                0x0800f768                malloc
 .text.sbrk_aligned
                0x0800f778       0x44 C:/ST/STM32CubeIDE_1.19.0/STM32CubeIDE/plugins/com.st.stm32cube.ide.mcu.externaltools.gnu-tools-for-stm32.13.3.rel1.win32_1.0.0.202411081344/tools/bin/../lib/gcc/arm-none-eabi/13.3.1/../../../../arm-none-eabi/lib/thumb/v7e-m+dp/hard\libc_nano.a(libc_a-mallocr.o)
 .text._malloc_r
                0x0800f7bc      0x100 C:/ST/STM32CubeIDE_1.19.0/STM32CubeIDE/plugins/com.st.stm32cube.ide.mcu.externaltools.gnu-tools-for-stm32.13.3.rel1.win32_1.0.0.202411081344/tools/bin/../lib/gcc/arm-none-eabi/13.3.1/../../../../arm-none-eabi/lib/thumb/v7e-m+dp/hard\libc_nano.a(libc_a-mallocr.o)
                0x0800f7bc                _malloc_r
 .text.__malloc_lock
                0x0800f8bc        0xc C:/ST/STM32CubeIDE_1.19.0/STM32CubeIDE/plugins/com.st.stm32cube.ide.mcu.externaltools.gnu-tools-for-stm32.13.3.rel1.win32_1.0.0.202411081344/tools/bin/../lib/gcc/arm-none-eabi/13.3.1/../../../../arm-none-eabi/lib/thumb/v7e-m+dp/hard\libc_nano.a(libc_a-mlock.o)
                0x0800f8bc                __malloc_lock
 .text.__malloc_unlock
                0x0800f8c8        0xc C:/ST/STM32CubeIDE_1.19.0/STM32CubeIDE/plugins/com.st.stm32cube.ide.mcu.externaltools.gnu-tools-for-stm32.13.3.rel1.win32_1.0.0.202411081344/tools/bin/../lib/gcc/arm-none-eabi/13.3.1/../../../../arm-none-eabi/lib/thumb/v7e-m+dp/hard\libc_nano.a(libc_a-mlock.o)
                0x0800f8c8                __malloc_unlock
 .text._Balloc  0x0800f8d4       0x80 C:/ST/STM32CubeIDE_1.19.0/STM32CubeIDE/plugins/com.st.stm32cube.ide.mcu.externaltools.gnu-tools-for-stm32.13.3.rel1.win32_1.0.0.202411081344/tools/bin/../lib/gcc/arm-none-eabi/13.3.1/../../../../arm-none-eabi/lib/thumb/v7e-m+dp/hard\libc_nano.a(libc_a-mprec.o)
                0x0800f8d4                _Balloc
 .text._Bfree   0x0800f954       0x44 C:/ST/STM32CubeIDE_1.19.0/STM32CubeIDE/plugins/com.st.stm32cube.ide.mcu.externaltools.gnu-tools-for-stm32.13.3.rel1.win32_1.0.0.202411081344/tools/bin/../lib/gcc/arm-none-eabi/13.3.1/../../../../arm-none-eabi/lib/thumb/v7e-m+dp/hard\libc_nano.a(libc_a-mprec.o)
                0x0800f954                _Bfree
 .text.__multadd
                0x0800f998       0x8c C:/ST/STM32CubeIDE_1.19.0/STM32CubeIDE/plugins/com.st.stm32cube.ide.mcu.externaltools.gnu-tools-for-stm32.13.3.rel1.win32_1.0.0.202411081344/tools/bin/../lib/gcc/arm-none-eabi/13.3.1/../../../../arm-none-eabi/lib/thumb/v7e-m+dp/hard\libc_nano.a(libc_a-mprec.o)
                0x0800f998                __multadd
 .text.__s2b    0x0800fa24       0x94 C:/ST/STM32CubeIDE_1.19.0/STM32CubeIDE/plugins/com.st.stm32cube.ide.mcu.externaltools.gnu-tools-for-stm32.13.3.rel1.win32_1.0.0.202411081344/tools/bin/../lib/gcc/arm-none-eabi/13.3.1/../../../../arm-none-eabi/lib/thumb/v7e-m+dp/hard\libc_nano.a(libc_a-mprec.o)
                0x0800fa24                __s2b
 .text.__hi0bits
                0x0800fab8       0x3e C:/ST/STM32CubeIDE_1.19.0/STM32CubeIDE/plugins/com.st.stm32cube.ide.mcu.externaltools.gnu-tools-for-stm32.13.3.rel1.win32_1.0.0.202411081344/tools/bin/../lib/gcc/arm-none-eabi/13.3.1/../../../../arm-none-eabi/lib/thumb/v7e-m+dp/hard\libc_nano.a(libc_a-mprec.o)
                0x0800fab8                __hi0bits
 .text.__lo0bits
                0x0800faf6       0x5a C:/ST/STM32CubeIDE_1.19.0/STM32CubeIDE/plugins/com.st.stm32cube.ide.mcu.externaltools.gnu-tools-for-stm32.13.3.rel1.win32_1.0.0.202411081344/tools/bin/../lib/gcc/arm-none-eabi/13.3.1/../../../../arm-none-eabi/lib/thumb/v7e-m+dp/hard\libc_nano.a(libc_a-mprec.o)
                0x0800faf6                __lo0bits
 .text.__i2b    0x0800fb50       0x2c C:/ST/STM32CubeIDE_1.19.0/STM32CubeIDE/plugins/com.st.stm32cube.ide.mcu.externaltools.gnu-tools-for-stm32.13.3.rel1.win32_1.0.0.202411081344/tools/bin/../lib/gcc/arm-none-eabi/13.3.1/../../../../arm-none-eabi/lib/thumb/v7e-m+dp/hard\libc_nano.a(libc_a-mprec.o)
                0x0800fb50                __i2b
 .text.__multiply
                0x0800fb7c      0x144 C:/ST/STM32CubeIDE_1.19.0/STM32CubeIDE/plugins/com.st.stm32cube.ide.mcu.externaltools.gnu-tools-for-stm32.13.3.rel1.win32_1.0.0.202411081344/tools/bin/../lib/gcc/arm-none-eabi/13.3.1/../../../../arm-none-eabi/lib/thumb/v7e-m+dp/hard\libc_nano.a(libc_a-mprec.o)
                0x0800fb7c                __multiply
 .text.__pow5mult
                0x0800fcc0       0xb4 C:/ST/STM32CubeIDE_1.19.0/STM32CubeIDE/plugins/com.st.stm32cube.ide.mcu.externaltools.gnu-tools-for-stm32.13.3.rel1.win32_1.0.0.202411081344/tools/bin/../lib/gcc/arm-none-eabi/13.3.1/../../../../arm-none-eabi/lib/thumb/v7e-m+dp/hard\libc_nano.a(libc_a-mprec.o)
                0x0800fcc0                __pow5mult
 .text.__lshift
                0x0800fd74       0xd8 C:/ST/STM32CubeIDE_1.19.0/STM32CubeIDE/plugins/com.st.stm32cube.ide.mcu.externaltools.gnu-tools-for-stm32.13.3.rel1.win32_1.0.0.202411081344/tools/bin/../lib/gcc/arm-none-eabi/13.3.1/../../../../arm-none-eabi/lib/thumb/v7e-m+dp/hard\libc_nano.a(libc_a-mprec.o)
                0x0800fd74                __lshift
 .text.__mcmp   0x0800fe4c       0x36 C:/ST/STM32CubeIDE_1.19.0/STM32CubeIDE/plugins/com.st.stm32cube.ide.mcu.externaltools.gnu-tools-for-stm32.13.3.rel1.win32_1.0.0.202411081344/tools/bin/../lib/gcc/arm-none-eabi/13.3.1/../../../../arm-none-eabi/lib/thumb/v7e-m+dp/hard\libc_nano.a(libc_a-mprec.o)
                0x0800fe4c                __mcmp
 *fill*         0x0800fe82        0x2 
 .text.__mdiff  0x0800fe84      0x128 C:/ST/STM32CubeIDE_1.19.0/STM32CubeIDE/plugins/com.st.stm32cube.ide.mcu.externaltools.gnu-tools-for-stm32.13.3.rel1.win32_1.0.0.202411081344/tools/bin/../lib/gcc/arm-none-eabi/13.3.1/../../../../arm-none-eabi/lib/thumb/v7e-m+dp/hard\libc_nano.a(libc_a-mprec.o)
                0x0800fe84                __mdiff
 .text.__ulp    0x0800ffac       0x4c C:/ST/STM32CubeIDE_1.19.0/STM32CubeIDE/plugins/com.st.stm32cube.ide.mcu.externaltools.gnu-tools-for-stm32.13.3.rel1.win32_1.0.0.202411081344/tools/bin/../lib/gcc/arm-none-eabi/13.3.1/../../../../arm-none-eabi/lib/thumb/v7e-m+dp/hard\libc_nano.a(libc_a-mprec.o)
                0x0800ffac                __ulp
 .text.__b2d    0x0800fff8       0x94 C:/ST/STM32CubeIDE_1.19.0/STM32CubeIDE/plugins/com.st.stm32cube.ide.mcu.externaltools.gnu-tools-for-stm32.13.3.rel1.win32_1.0.0.202411081344/tools/bin/../lib/gcc/arm-none-eabi/13.3.1/../../../../arm-none-eabi/lib/thumb/v7e-m+dp/hard\libc_nano.a(libc_a-mprec.o)
                0x0800fff8                __b2d
 .text.__d2b    0x0801008c       0xb0 C:/ST/STM32CubeIDE_1.19.0/STM32CubeIDE/plugins/com.st.stm32cube.ide.mcu.externaltools.gnu-tools-for-stm32.13.3.rel1.win32_1.0.0.202411081344/tools/bin/../lib/gcc/arm-none-eabi/13.3.1/../../../../arm-none-eabi/lib/thumb/v7e-m+dp/hard\libc_nano.a(libc_a-mprec.o)
                0x0801008c                __d2b
 .text.__ratio  0x0801013c       0x5e C:/ST/STM32CubeIDE_1.19.0/STM32CubeIDE/plugins/com.st.stm32cube.ide.mcu.externaltools.gnu-tools-for-stm32.13.3.rel1.win32_1.0.0.202411081344/tools/bin/../lib/gcc/arm-none-eabi/13.3.1/../../../../arm-none-eabi/lib/thumb/v7e-m+dp/hard\libc_nano.a(libc_a-mprec.o)
                0x0801013c                __ratio
 .text.__copybits
                0x0801019a       0x46 C:/ST/STM32CubeIDE_1.19.0/STM32CubeIDE/plugins/com.st.stm32cube.ide.mcu.externaltools.gnu-tools-for-stm32.13.3.rel1.win32_1.0.0.202411081344/tools/bin/../lib/gcc/arm-none-eabi/13.3.1/../../../../arm-none-eabi/lib/thumb/v7e-m+dp/hard\libc_nano.a(libc_a-mprec.o)
                0x0801019a                __copybits
 .text.__any_on
                0x080101e0       0x42 C:/ST/STM32CubeIDE_1.19.0/STM32CubeIDE/plugins/com.st.stm32cube.ide.mcu.externaltools.gnu-tools-for-stm32.13.3.rel1.win32_1.0.0.202411081344/tools/bin/../lib/gcc/arm-none-eabi/13.3.1/../../../../arm-none-eabi/lib/thumb/v7e-m+dp/hard\libc_nano.a(libc_a-mprec.o)
                0x080101e0                __any_on
 .text.sulp     0x08010222       0x34 C:/ST/STM32CubeIDE_1.19.0/STM32CubeIDE/plugins/com.st.stm32cube.ide.mcu.externaltools.gnu-tools-for-stm32.13.3.rel1.win32_1.0.0.202411081344/tools/bin/../lib/gcc/arm-none-eabi/13.3.1/../../../../arm-none-eabi/lib/thumb/v7e-m+dp/hard\libc_nano.a(libc_a-strtod.o)
 *fill*         0x08010256        0x2 
 .text._strtod_l
                0x08010258      0xb34 C:/ST/STM32CubeIDE_1.19.0/STM32CubeIDE/plugins/com.st.stm32cube.ide.mcu.externaltools.gnu-tools-for-stm32.13.3.rel1.win32_1.0.0.202411081344/tools/bin/../lib/gcc/arm-none-eabi/13.3.1/../../../../arm-none-eabi/lib/thumb/v7e-m+dp/hard\libc_nano.a(libc_a-strtod.o)
                0x08010258                _strtod_l
 .text._strtod_r
                0x08010d8c        0xc C:/ST/STM32CubeIDE_1.19.0/STM32CubeIDE/plugins/com.st.stm32cube.ide.mcu.externaltools.gnu-tools-for-stm32.13.3.rel1.win32_1.0.0.202411081344/tools/bin/../lib/gcc/arm-none-eabi/13.3.1/../../../../arm-none-eabi/lib/thumb/v7e-m+dp/hard\libc_nano.a(libc_a-strtod.o)
                0x08010d8c                _strtod_r
 .text._strtol_l.isra.0
                0x08010d98       0xf4 C:/ST/STM32CubeIDE_1.19.0/STM32CubeIDE/plugins/com.st.stm32cube.ide.mcu.externaltools.gnu-tools-for-stm32.13.3.rel1.win32_1.0.0.202411081344/tools/bin/../lib/gcc/arm-none-eabi/13.3.1/../../../../arm-none-eabi/lib/thumb/v7e-m+dp/hard\libc_nano.a(libc_a-strtol.o)
 .text._strtol_r
                0x08010e8c        0x4 C:/ST/STM32CubeIDE_1.19.0/STM32CubeIDE/plugins/com.st.stm32cube.ide.mcu.externaltools.gnu-tools-for-stm32.13.3.rel1.win32_1.0.0.202411081344/tools/bin/../lib/gcc/arm-none-eabi/13.3.1/../../../../arm-none-eabi/lib/thumb/v7e-m+dp/hard\libc_nano.a(libc_a-strtol.o)
                0x08010e8c                _strtol_r
 .text.__ssputs_r
                0x08010e90       0xb6 C:/ST/STM32CubeIDE_1.19.0/STM32CubeIDE/plugins/com.st.stm32cube.ide.mcu.externaltools.gnu-tools-for-stm32.13.3.rel1.win32_1.0.0.202411081344/tools/bin/../lib/gcc/arm-none-eabi/13.3.1/../../../../arm-none-eabi/lib/thumb/v7e-m+dp/hard\libc_nano.a(libc_a-nano-svfprintf.o)
                0x08010e90                __ssputs_r
 *fill*         0x08010f46        0x2 
 .text._svfprintf_r
                0x08010f48      0x1f8 C:/ST/STM32CubeIDE_1.19.0/STM32CubeIDE/plugins/com.st.stm32cube.ide.mcu.externaltools.gnu-tools-for-stm32.13.3.rel1.win32_1.0.0.202411081344/tools/bin/../lib/gcc/arm-none-eabi/13.3.1/../../../../arm-none-eabi/lib/thumb/v7e-m+dp/hard\libc_nano.a(libc_a-nano-svfprintf.o)
                0x08010f48                _svfiprintf_r
                0x08010f48                _svfprintf_r
 .text.__sflush_r
                0x08011140      0x108 C:/ST/STM32CubeIDE_1.19.0/STM32CubeIDE/plugins/com.st.stm32cube.ide.mcu.externaltools.gnu-tools-for-stm32.13.3.rel1.win32_1.0.0.202411081344/tools/bin/../lib/gcc/arm-none-eabi/13.3.1/../../../../arm-none-eabi/lib/thumb/v7e-m+dp/hard\libc_nano.a(libc_a-fflush.o)
                0x08011140                __sflush_r
 .text._fflush_r
                0x08011248       0x50 C:/ST/STM32CubeIDE_1.19.0/STM32CubeIDE/plugins/com.st.stm32cube.ide.mcu.externaltools.gnu-tools-for-stm32.13.3.rel1.win32_1.0.0.202411081344/tools/bin/../lib/gcc/arm-none-eabi/13.3.1/../../../../arm-none-eabi/lib/thumb/v7e-m+dp/hard\libc_nano.a(libc_a-fflush.o)
                0x08011248                _fflush_r
 .text.memmove  0x08011298       0x34 C:/ST/STM32CubeIDE_1.19.0/STM32CubeIDE/plugins/com.st.stm32cube.ide.mcu.externaltools.gnu-tools-for-stm32.13.3.rel1.win32_1.0.0.202411081344/tools/bin/../lib/gcc/arm-none-eabi/13.3.1/../../../../arm-none-eabi/lib/thumb/v7e-m+dp/hard\libc_nano.a(libc_a-memmove.o)
                0x08011298                memmove
 .text.strncmp  0x080112cc       0x24 C:/ST/STM32CubeIDE_1.19.0/STM32CubeIDE/plugins/com.st.stm32cube.ide.mcu.externaltools.gnu-tools-for-stm32.13.3.rel1.win32_1.0.0.202411081344/tools/bin/../lib/gcc/arm-none-eabi/13.3.1/../../../../arm-none-eabi/lib/thumb/v7e-m+dp/hard\libc_nano.a(libc_a-strncmp.o)
                0x080112cc                strncmp
 .text._sbrk_r  0x080112f0       0x20 C:/ST/STM32CubeIDE_1.19.0/STM32CubeIDE/plugins/com.st.stm32cube.ide.mcu.externaltools.gnu-tools-for-stm32.13.3.rel1.win32_1.0.0.202411081344/tools/bin/../lib/gcc/arm-none-eabi/13.3.1/../../../../arm-none-eabi/lib/thumb/v7e-m+dp/hard\libc_nano.a(libc_a-sbrkr.o)
                0x080112f0                _sbrk_r
 .text.nan      0x08011310       0x10 C:/ST/STM32CubeIDE_1.19.0/STM32CubeIDE/plugins/com.st.stm32cube.ide.mcu.externaltools.gnu-tools-for-stm32.13.3.rel1.win32_1.0.0.202411081344/tools/bin/../lib/gcc/arm-none-eabi/13.3.1/../../../../arm-none-eabi/lib/thumb/v7e-m+dp/hard\libc_nano.a(libm_a-s_nan.o)
                0x08011310                nan
 .text.__assert_func
                0x08011320       0x3c C:/ST/STM32CubeIDE_1.19.0/STM32CubeIDE/plugins/com.st.stm32cube.ide.mcu.externaltools.gnu-tools-for-stm32.13.3.rel1.win32_1.0.0.202411081344/tools/bin/../lib/gcc/arm-none-eabi/13.3.1/../../../../arm-none-eabi/lib/thumb/v7e-m+dp/hard\libc_nano.a(libc_a-assert.o)
                0x08011320                __assert_func
 .text._calloc_r
                0x0801135c       0x28 C:/ST/STM32CubeIDE_1.19.0/STM32CubeIDE/plugins/com.st.stm32cube.ide.mcu.externaltools.gnu-tools-for-stm32.13.3.rel1.win32_1.0.0.202411081344/tools/bin/../lib/gcc/arm-none-eabi/13.3.1/../../../../arm-none-eabi/lib/thumb/v7e-m+dp/hard\libc_nano.a(libc_a-callocr.o)
                0x0801135c                _calloc_r
 .text.rshift   0x08011384       0xa4 C:/ST/STM32CubeIDE_1.19.0/STM32CubeIDE/plugins/com.st.stm32cube.ide.mcu.externaltools.gnu-tools-for-stm32.13.3.rel1.win32_1.0.0.202411081344/tools/bin/../lib/gcc/arm-none-eabi/13.3.1/../../../../arm-none-eabi/lib/thumb/v7e-m+dp/hard\libc_nano.a(libc_a-gdtoa-gethex.o)
 .text.__hexdig_fun
                0x08011428       0x2a C:/ST/STM32CubeIDE_1.19.0/STM32CubeIDE/plugins/com.st.stm32cube.ide.mcu.externaltools.gnu-tools-for-stm32.13.3.rel1.win32_1.0.0.202411081344/tools/bin/../lib/gcc/arm-none-eabi/13.3.1/../../../../arm-none-eabi/lib/thumb/v7e-m+dp/hard\libc_nano.a(libc_a-gdtoa-gethex.o)
                0x08011428                __hexdig_fun
 *fill*         0x08011452        0x2 
 .text.__gethex
                0x08011454      0x420 C:/ST/STM32CubeIDE_1.19.0/STM32CubeIDE/plugins/com.st.stm32cube.ide.mcu.externaltools.gnu-tools-for-stm32.13.3.rel1.win32_1.0.0.202411081344/tools/bin/../lib/gcc/arm-none-eabi/13.3.1/../../../../arm-none-eabi/lib/thumb/v7e-m+dp/hard\libc_nano.a(libc_a-gdtoa-gethex.o)
                0x08011454                __gethex
 .text.L_shift  0x08011874       0x24 C:/ST/STM32CubeIDE_1.19.0/STM32CubeIDE/plugins/com.st.stm32cube.ide.mcu.externaltools.gnu-tools-for-stm32.13.3.rel1.win32_1.0.0.202411081344/tools/bin/../lib/gcc/arm-none-eabi/13.3.1/../../../../arm-none-eabi/lib/thumb/v7e-m+dp/hard\libc_nano.a(libc_a-gdtoa-hexnan.o)
 .text.__match  0x08011898       0x28 C:/ST/STM32CubeIDE_1.19.0/STM32CubeIDE/plugins/com.st.stm32cube.ide.mcu.externaltools.gnu-tools-for-stm32.13.3.rel1.win32_1.0.0.202411081344/tools/bin/../lib/gcc/arm-none-eabi/13.3.1/../../../../arm-none-eabi/lib/thumb/v7e-m+dp/hard\libc_nano.a(libc_a-gdtoa-hexnan.o)
                0x08011898                __match
 .text.__hexnan
                0x080118c0      0x136 C:/ST/STM32CubeIDE_1.19.0/STM32CubeIDE/plugins/com.st.stm32cube.ide.mcu.externaltools.gnu-tools-for-stm32.13.3.rel1.win32_1.0.0.202411081344/tools/bin/../lib/gcc/arm-none-eabi/13.3.1/../../../../arm-none-eabi/lib/thumb/v7e-m+dp/hard\libc_nano.a(libc_a-gdtoa-hexnan.o)
                0x080118c0                __hexnan
 .text.__ascii_mbtowc
                0x080119f6       0x24 C:/ST/STM32CubeIDE_1.19.0/STM32CubeIDE/plugins/com.st.stm32cube.ide.mcu.externaltools.gnu-tools-for-stm32.13.3.rel1.win32_1.0.0.202411081344/tools/bin/../lib/gcc/arm-none-eabi/13.3.1/../../../../arm-none-eabi/lib/thumb/v7e-m+dp/hard\libc_nano.a(libc_a-mbtowc_r.o)
                0x080119f6                __ascii_mbtowc
 .text._realloc_r
                0x08011a1a       0x5c C:/ST/STM32CubeIDE_1.19.0/STM32CubeIDE/plugins/com.st.stm32cube.ide.mcu.externaltools.gnu-tools-for-stm32.13.3.rel1.win32_1.0.0.202411081344/tools/bin/../lib/gcc/arm-none-eabi/13.3.1/../../../../arm-none-eabi/lib/thumb/v7e-m+dp/hard\libc_nano.a(libc_a-reallocr.o)
                0x08011a1a                _realloc_r
 .text.__ascii_wctomb
                0x08011a76       0x1a C:/ST/STM32CubeIDE_1.19.0/STM32CubeIDE/plugins/com.st.stm32cube.ide.mcu.externaltools.gnu-tools-for-stm32.13.3.rel1.win32_1.0.0.202411081344/tools/bin/../lib/gcc/arm-none-eabi/13.3.1/../../../../arm-none-eabi/lib/thumb/v7e-m+dp/hard\libc_nano.a(libc_a-wctomb_r.o)
                0x08011a76                __ascii_wctomb
 .text.fprintf  0x08011a90       0x24 C:/ST/STM32CubeIDE_1.19.0/STM32CubeIDE/plugins/com.st.stm32cube.ide.mcu.externaltools.gnu-tools-for-stm32.13.3.rel1.win32_1.0.0.202411081344/tools/bin/../lib/gcc/arm-none-eabi/13.3.1/../../../../arm-none-eabi/lib/thumb/v7e-m+dp/hard\libc_nano.a(libc_a-fprintf.o)
                0x08011a90                fiprintf
                0x08011a90                fprintf
 .text.abort    0x08011ab4        0xe C:/ST/STM32CubeIDE_1.19.0/STM32CubeIDE/plugins/com.st.stm32cube.ide.mcu.externaltools.gnu-tools-for-stm32.13.3.rel1.win32_1.0.0.202411081344/tools/bin/../lib/gcc/arm-none-eabi/13.3.1/../../../../arm-none-eabi/lib/thumb/v7e-m+dp/hard\libc_nano.a(libc_a-abort.o)
                0x08011ab4                abort
 .text._malloc_usable_size_r
                0x08011ac2       0x10 C:/ST/STM32CubeIDE_1.19.0/STM32CubeIDE/plugins/com.st.stm32cube.ide.mcu.externaltools.gnu-tools-for-stm32.13.3.rel1.win32_1.0.0.202411081344/tools/bin/../lib/gcc/arm-none-eabi/13.3.1/../../../../arm-none-eabi/lib/thumb/v7e-m+dp/hard\libc_nano.a(libc_a-msizer.o)
                0x08011ac2                _malloc_usable_size_r
 .text.__sfputc_r
                0x08011ad2       0x2e C:/ST/STM32CubeIDE_1.19.0/STM32CubeIDE/plugins/com.st.stm32cube.ide.mcu.externaltools.gnu-tools-for-stm32.13.3.rel1.win32_1.0.0.202411081344/tools/bin/../lib/gcc/arm-none-eabi/13.3.1/../../../../arm-none-eabi/lib/thumb/v7e-m+dp/hard\libc_nano.a(libc_a-nano-vfprintf.o)
 .text.__sfputs_r
                0x08011b00       0x24 C:/ST/STM32CubeIDE_1.19.0/STM32CubeIDE/plugins/com.st.stm32cube.ide.mcu.externaltools.gnu-tools-for-stm32.13.3.rel1.win32_1.0.0.202411081344/tools/bin/../lib/gcc/arm-none-eabi/13.3.1/../../../../arm-none-eabi/lib/thumb/v7e-m+dp/hard\libc_nano.a(libc_a-nano-vfprintf.o)
                0x08011b00                __sfputs_r
 .text._vfprintf_r
                0x08011b24      0x230 C:/ST/STM32CubeIDE_1.19.0/STM32CubeIDE/plugins/com.st.stm32cube.ide.mcu.externaltools.gnu-tools-for-stm32.13.3.rel1.win32_1.0.0.202411081344/tools/bin/../lib/gcc/arm-none-eabi/13.3.1/../../../../arm-none-eabi/lib/thumb/v7e-m+dp/hard\libc_nano.a(libc_a-nano-vfprintf.o)
                0x08011b24                _vfprintf_r
                0x08011b24                _vfiprintf_r
 .text.__swbuf_r
                0x08011d54       0x7c C:/ST/STM32CubeIDE_1.19.0/STM32CubeIDE/plugins/com.st.stm32cube.ide.mcu.externaltools.gnu-tools-for-stm32.13.3.rel1.win32_1.0.0.202411081344/tools/bin/../lib/gcc/arm-none-eabi/13.3.1/../../../../arm-none-eabi/lib/thumb/v7e-m+dp/hard\libc_nano.a(libc_a-wbuf.o)
                0x08011d54                __swbuf_r
 .text.__swsetup_r
                0x08011dd0       0xac C:/ST/STM32CubeIDE_1.19.0/STM32CubeIDE/plugins/com.st.stm32cube.ide.mcu.externaltools.gnu-tools-for-stm32.13.3.rel1.win32_1.0.0.202411081344/tools/bin/../lib/gcc/arm-none-eabi/13.3.1/../../../../arm-none-eabi/lib/thumb/v7e-m+dp/hard\libc_nano.a(libc_a-wsetup.o)
                0x08011dd0                __swsetup_r
 .text._raise_r
                0x08011e7c       0x50 C:/ST/STM32CubeIDE_1.19.0/STM32CubeIDE/plugins/com.st.stm32cube.ide.mcu.externaltools.gnu-tools-for-stm32.13.3.rel1.win32_1.0.0.202411081344/tools/bin/../lib/gcc/arm-none-eabi/13.3.1/../../../../arm-none-eabi/lib/thumb/v7e-m+dp/hard\libc_nano.a(libc_a-signal.o)
                0x08011e7c                _raise_r
 .text.raise    0x08011ecc       0x10 C:/ST/STM32CubeIDE_1.19.0/STM32CubeIDE/plugins/com.st.stm32cube.ide.mcu.externaltools.gnu-tools-for-stm32.13.3.rel1.win32_1.0.0.202411081344/tools/bin/../lib/gcc/arm-none-eabi/13.3.1/../../../../arm-none-eabi/lib/thumb/v7e-m+dp/hard\libc_nano.a(libc_a-signal.o)
                0x08011ecc                raise
 .text._kill_r  0x08011edc       0x24 C:/ST/STM32CubeIDE_1.19.0/STM32CubeIDE/plugins/com.st.stm32cube.ide.mcu.externaltools.gnu-tools-for-stm32.13.3.rel1.win32_1.0.0.202411081344/tools/bin/../lib/gcc/arm-none-eabi/13.3.1/../../../../arm-none-eabi/lib/thumb/v7e-m+dp/hard\libc_nano.a(libc_a-signalr.o)
                0x08011edc                _kill_r
 .text._getpid_r
                0x08011f00        0x4 C:/ST/STM32CubeIDE_1.19.0/STM32CubeIDE/plugins/com.st.stm32cube.ide.mcu.externaltools.gnu-tools-for-stm32.13.3.rel1.win32_1.0.0.202411081344/tools/bin/../lib/gcc/arm-none-eabi/13.3.1/../../../../arm-none-eabi/lib/thumb/v7e-m+dp/hard\libc_nano.a(libc_a-signalr.o)
                0x08011f00                _getpid_r
 .text.__swhatbuf_r
                0x08011f04       0x4c C:/ST/STM32CubeIDE_1.19.0/STM32CubeIDE/plugins/com.st.stm32cube.ide.mcu.externaltools.gnu-tools-for-stm32.13.3.rel1.win32_1.0.0.202411081344/tools/bin/../lib/gcc/arm-none-eabi/13.3.1/../../../../arm-none-eabi/lib/thumb/v7e-m+dp/hard\libc_nano.a(libc_a-makebuf.o)
                0x08011f04                __swhatbuf_r
 .text.__smakebuf_r
                0x08011f50       0x78 C:/ST/STM32CubeIDE_1.19.0/STM32CubeIDE/plugins/com.st.stm32cube.ide.mcu.externaltools.gnu-tools-for-stm32.13.3.rel1.win32_1.0.0.202411081344/tools/bin/../lib/gcc/arm-none-eabi/13.3.1/../../../../arm-none-eabi/lib/thumb/v7e-m+dp/hard\libc_nano.a(libc_a-makebuf.o)
                0x08011f50                __smakebuf_r
 .text._fstat_r
                0x08011fc8       0x24 C:/ST/STM32CubeIDE_1.19.0/STM32CubeIDE/plugins/com.st.stm32cube.ide.mcu.externaltools.gnu-tools-for-stm32.13.3.rel1.win32_1.0.0.202411081344/tools/bin/../lib/gcc/arm-none-eabi/13.3.1/../../../../arm-none-eabi/lib/thumb/v7e-m+dp/hard\libc_nano.a(libc_a-fstatr.o)
                0x08011fc8                _fstat_r
 .text._isatty_r
                0x08011fec       0x20 C:/ST/STM32CubeIDE_1.19.0/STM32CubeIDE/plugins/com.st.stm32cube.ide.mcu.externaltools.gnu-tools-for-stm32.13.3.rel1.win32_1.0.0.202411081344/tools/bin/../lib/gcc/arm-none-eabi/13.3.1/../../../../arm-none-eabi/lib/thumb/v7e-m+dp/hard\libc_nano.a(libc_a-isattyr.o)
                0x08011fec                _isatty_r
 *(.glue_7)
 .glue_7        0x0801200c        0x0 linker stubs
 *(.glue_7t)
 .glue_7t       0x0801200c        0x0 linker stubs
 *(.eh_frame)
 .eh_frame      0x0801200c        0x0 C:/ST/STM32CubeIDE_1.19.0/STM32CubeIDE/plugins/com.st.stm32cube.ide.mcu.externaltools.gnu-tools-for-stm32.13.3.rel1.win32_1.0.0.202411081344/tools/bin/../lib/gcc/arm-none-eabi/13.3.1/thumb/v7e-m+dp/hard/crtbegin.o
 *(.init)
 .init          0x0801200c        0x4 C:/ST/STM32CubeIDE_1.19.0/STM32CubeIDE/plugins/com.st.stm32cube.ide.mcu.externaltools.gnu-tools-for-stm32.13.3.rel1.win32_1.0.0.202411081344/tools/bin/../lib/gcc/arm-none-eabi/13.3.1/thumb/v7e-m+dp/hard/crti.o
                0x0801200c                _init
 .init          0x08012010        0x8 C:/ST/STM32CubeIDE_1.19.0/STM32CubeIDE/plugins/com.st.stm32cube.ide.mcu.externaltools.gnu-tools-for-stm32.13.3.rel1.win32_1.0.0.202411081344/tools/bin/../lib/gcc/arm-none-eabi/13.3.1/thumb/v7e-m+dp/hard/crtn.o
 *(.fini)
 .fini          0x08012018        0x4 C:/ST/STM32CubeIDE_1.19.0/STM32CubeIDE/plugins/com.st.stm32cube.ide.mcu.externaltools.gnu-tools-for-stm32.13.3.rel1.win32_1.0.0.202411081344/tools/bin/../lib/gcc/arm-none-eabi/13.3.1/thumb/v7e-m+dp/hard/crti.o
                0x08012018                _fini
 .fini          0x0801201c        0x8 C:/ST/STM32CubeIDE_1.19.0/STM32CubeIDE/plugins/com.st.stm32cube.ide.mcu.externaltools.gnu-tools-for-stm32.13.3.rel1.win32_1.0.0.202411081344/tools/bin/../lib/gcc/arm-none-eabi/13.3.1/thumb/v7e-m+dp/hard/crtn.o
                0x08012024                        . = ALIGN (0x4)
                0x08012024                        _etext = .

.vfp11_veneer   0x08012024        0x0
 .vfp11_veneer  0x08012024        0x0 linker stubs

.v4_bx          0x08012024        0x0
 .v4_bx         0x08012024        0x0 linker stubs

.iplt           0x08012024        0x0
 .iplt          0x08012024        0x0 C:/ST/STM32CubeIDE_1.19.0/STM32CubeIDE/plugins/com.st.stm32cube.ide.mcu.externaltools.gnu-tools-for-stm32.13.3.rel1.win32_1.0.0.202411081344/tools/bin/../lib/gcc/arm-none-eabi/13.3.1/thumb/v7e-m+dp/hard/crtbegin.o

.rodata         0x08012028      0xc70
                0x08012028                        . = ALIGN (0x4)
 *(.rodata)
 .rodata        0x08012028      0x198 ./Core/Src/Micro_Max.o
 .rodata        0x080121c0        0x8 ./Core/Src/homing.o
 .rodata        0x080121c8      0x3c4 ./Core/Src/main.o