../Core/Src/Micro_Max.c:18:6:uartPrint_raw	24	static
../Core/Src/Micro_Max.c:30:6:uartPrint_to	24	static
../Core/Src/Micro_Max.c:43:6:uartPrintf	272	static
../Core/Src/Micro_Max.c:103:16:myrand	16	static
../Core/Src/Micro_Max.c:115:7:D	64	static
../Core/Src/Micro_Max.c:202:6:gameOver	4	static
../Core/Src/Micro_Max.c:207:6:bkp	16	static
../Core/Src/Micro_Max.c:215:6:serialBoard	88	static
../Core/Src/Micro_Max.c:231:6:board_to_matrix_chars	48	static
../Core/Src/Micro_Max.c:249:6:printBoardCharsAsCArray	1064	static
../Core/Src/Micro_Max.c:281:12:in_bounds	16	static
../Core/Src/Micro_Max.c:287:12:clear_path	32	static
../Core/Src/Micro_Max.c:301:5:attacking	48	static
../Core/Src/Micro_Max.c:348:5:isKingCheck	48	static
../Core/Src/Micro_Max.c:374:6:isTaken	1040	static
../Core/Src/Micro_Max.c:396:6:isTakenFromMov	40	static
../Core/Src/Micro_Max.c:405:5:isCastleMoveType	40	static
../Core/Src/Micro_Max.c:432:19:is_white_piece	16	static
../Core/Src/Micro_Max.c:433:19:is_black_piece	16	static
../Core/Src/Micro_Max.c:436:12:find_king	40	static
../Core/Src/Micro_Max.c:447:12:is_in_check_side	56	static
../Core/Src/Micro_Max.c:475:12:try_move_and_safe	104	static
../Core/Src/Micro_Max.c:508:12:piece_has_legal_move	176	static
../Core/Src/Micro_Max.c:655:5:canWhiteMove	32	static
../Core/Src/Micro_Max.c:668:5:canBlackMove	32	static
../Core/Src/Micro_Max.c:682:13:AI_HvsC	208	static
../Core/Src/Micro_Max.c:849:13:AI_HvsH	184	static
