../Core/Src/stepper.c:33:13:_tim3_ch1_set_af	32	static
../Core/Src/stepper.c:42:13:_tim3_ch1_set_gpio_output	32	static
../Core/Src/stepper.c:51:13:_tim4_ch1_set_af	32	static
../Core/Src/stepper.c:60:13:_tim4_ch1_set_gpio_output	32	static
../Core/Src/stepper.c:69:6:Stepper1_Enable	16	static
../Core/Src/stepper.c:72:6:Stepper2_Enable	16	static
../Core/Src/stepper.c:76:20:_set_dir1	24	static
../Core/Src/stepper.c:80:20:_set_dir2	24	static
../Core/Src/stepper.c:85:20:_setup_freq	32	static
../Core/Src/stepper.c:94:6:Stepper1_Start	24	static
../Core/Src/stepper.c:104:6:Stepper2_Start	24	static
../Core/Src/stepper.c:115:6:Stepper1_Start_no_dis	24	static
../Core/Src/stepper.c:124:6:Stepper2_Start_no_dis	24	static
../Core/Src/stepper.c:134:6:Stepper1_HardStop	8	static
../Core/Src/stepper.c:141:6:Stepper2_HardStop	8	static
../Core/Src/stepper.c:148:6:Stepper_StopAll	8	static
../Core/Src/stepper.c:154:6:Stepper1_ResumePWM	16	static
../Core/Src/stepper.c:160:6:Stepper2_ResumePWM	16	static
../Core/Src/stepper.c:167:13:_ramp_down	48	static
../Core/Src/stepper.c:184:6:Stepper1_SoftHold	16	static
../Core/Src/stepper.c:192:6:Stepper2_SoftHold	16	static
../Core/Src/stepper.c:200:6:Stepper_SoftHoldBoth	16	static
../Core/Src/stepper.c:206:6:Stepper1_Coast	8	static
../Core/Src/stepper.c:213:6:Stepper2_Coast	8	static
../Core/Src/stepper.c:221:6:Stepper1_LockStepHigh	8	static
../Core/Src/stepper.c:228:6:Stepper2_LockStepHigh	8	static
../Core/Src/stepper.c:236:6:Stepper1_IdleKeepAF	8	static
../Core/Src/stepper.c:241:6:Stepper2_IdleKeepAF	8	static
../Core/Src/stepper.c:246:6:Stepper_IdleBothKeepAF	8	static
