../Core/Src/stm32f7xx_it.c:87:6:NMI_Handler	4	static
../Core/Src/stm32f7xx_it.c:102:6:HardFault_Handler	4	static
../Core/Src/stm32f7xx_it.c:117:6:MemManage_Handler	4	static
../Core/Src/stm32f7xx_it.c:132:6:BusFault_Handler	4	static
../Core/Src/stm32f7xx_it.c:147:6:UsageFault_Handler	4	static
../Core/Src/stm32f7xx_it.c:162:6:SVC_Handler	4	static
../Core/Src/stm32f7xx_it.c:175:6:DebugMon_Handler	4	static
../Core/Src/stm32f7xx_it.c:188:6:PendSV_Handler	4	static
../Core/Src/stm32f7xx_it.c:201:6:SysTick_Handler	8	static
../Core/Src/stm32f7xx_it.c:222:6:EXTI9_5_IRQHandler	8	static
../Core/Src/stm32f7xx_it.c:236:6:TIM1_UP_TIM10_IRQHandler	8	static
../Core/Src/stm32f7xx_it.c:257:6:TIM3_IRQHandler	8	static
../Core/Src/stm32f7xx_it.c:271:6:TIM4_IRQHandler	8	static
../Core/Src/stm32f7xx_it.c:285:6:EXTI15_10_IRQHandler	8	static
../Core/Src/stm32f7xx_it.c:298:6:HAL_TIM_PWM_PulseFinishedCallback	16	static
../Core/Src/stm32f7xx_it.c:325:6:HAL_GPIO_EXTI_Callback	16	static
